Archive member included to satisfy reference by file (symbol)

C:/Users/danst/scoop/apps/gcc-arm-none-eabi/13.3.rel1/bin/../lib/gcc/arm-none-eabi/13.3.1/thumb/v7-m/nofp\libc.a(libc_a-exit.o)
                              C:/Users/danst/scoop/apps/gcc-arm-none-eabi/13.3.rel1/bin/../lib/gcc/arm-none-eabi/13.3.1/thumb/v7-m/nofp/crt0.o (exit)
C:/Users/danst/scoop/apps/gcc-arm-none-eabi/13.3.rel1/bin/../lib/gcc/arm-none-eabi/13.3.1/thumb/v7-m/nofp\libc.a(libc_a-findfp.o)
                              C:/Users/danst/scoop/apps/gcc-arm-none-eabi/13.3.rel1/bin/../lib/gcc/arm-none-eabi/13.3.1/thumb/v7-m/nofp\libc.a(libc_a-exit.o) (__stdio_exit_handler)
C:/Users/danst/scoop/apps/gcc-arm-none-eabi/13.3.rel1/bin/../lib/gcc/arm-none-eabi/13.3.1/thumb/v7-m/nofp\libc.a(libc_a-fwalk.o)
                              C:/Users/danst/scoop/apps/gcc-arm-none-eabi/13.3.rel1/bin/../lib/gcc/arm-none-eabi/13.3.1/thumb/v7-m/nofp\libc.a(libc_a-findfp.o) (_fwalk_sglue)
C:/Users/danst/scoop/apps/gcc-arm-none-eabi/13.3.rel1/bin/../lib/gcc/arm-none-eabi/13.3.1/thumb/v7-m/nofp\libc.a(libc_a-stdio.o)
                              C:/Users/danst/scoop/apps/gcc-arm-none-eabi/13.3.rel1/bin/../lib/gcc/arm-none-eabi/13.3.1/thumb/v7-m/nofp\libc.a(libc_a-findfp.o) (__sread)
C:/Users/danst/scoop/apps/gcc-arm-none-eabi/13.3.rel1/bin/../lib/gcc/arm-none-eabi/13.3.1/thumb/v7-m/nofp\libc.a(libc_a-memset.o)
                              C:/Users/danst/scoop/apps/gcc-arm-none-eabi/13.3.rel1/bin/../lib/gcc/arm-none-eabi/13.3.1/thumb/v7-m/nofp/crt0.o (memset)
C:/Users/danst/scoop/apps/gcc-arm-none-eabi/13.3.rel1/bin/../lib/gcc/arm-none-eabi/13.3.1/thumb/v7-m/nofp\libc.a(libc_a-closer.o)
                              C:/Users/danst/scoop/apps/gcc-arm-none-eabi/13.3.rel1/bin/../lib/gcc/arm-none-eabi/13.3.1/thumb/v7-m/nofp\libc.a(libc_a-stdio.o) (_close_r)
C:/Users/danst/scoop/apps/gcc-arm-none-eabi/13.3.rel1/bin/../lib/gcc/arm-none-eabi/13.3.1/thumb/v7-m/nofp\libc.a(libc_a-reent.o)
                              C:/Users/danst/scoop/apps/gcc-arm-none-eabi/13.3.rel1/bin/../lib/gcc/arm-none-eabi/13.3.1/thumb/v7-m/nofp\libc.a(libc_a-closer.o) (errno)
C:/Users/danst/scoop/apps/gcc-arm-none-eabi/13.3.rel1/bin/../lib/gcc/arm-none-eabi/13.3.1/thumb/v7-m/nofp\libc.a(libc_a-impure.o)
                              C:/Users/danst/scoop/apps/gcc-arm-none-eabi/13.3.rel1/bin/../lib/gcc/arm-none-eabi/13.3.1/thumb/v7-m/nofp\libc.a(libc_a-reent.o) (_impure_ptr)
C:/Users/danst/scoop/apps/gcc-arm-none-eabi/13.3.rel1/bin/../lib/gcc/arm-none-eabi/13.3.1/thumb/v7-m/nofp\libc.a(libc_a-lseekr.o)
                              C:/Users/danst/scoop/apps/gcc-arm-none-eabi/13.3.rel1/bin/../lib/gcc/arm-none-eabi/13.3.1/thumb/v7-m/nofp\libc.a(libc_a-stdio.o) (_lseek_r)
C:/Users/danst/scoop/apps/gcc-arm-none-eabi/13.3.rel1/bin/../lib/gcc/arm-none-eabi/13.3.1/thumb/v7-m/nofp\libc.a(libc_a-readr.o)
                              C:/Users/danst/scoop/apps/gcc-arm-none-eabi/13.3.rel1/bin/../lib/gcc/arm-none-eabi/13.3.1/thumb/v7-m/nofp\libc.a(libc_a-stdio.o) (_read_r)
C:/Users/danst/scoop/apps/gcc-arm-none-eabi/13.3.rel1/bin/../lib/gcc/arm-none-eabi/13.3.1/thumb/v7-m/nofp\libc.a(libc_a-writer.o)
                              C:/Users/danst/scoop/apps/gcc-arm-none-eabi/13.3.rel1/bin/../lib/gcc/arm-none-eabi/13.3.1/thumb/v7-m/nofp\libc.a(libc_a-stdio.o) (_write_r)
C:/Users/danst/scoop/apps/gcc-arm-none-eabi/13.3.rel1/bin/../lib/gcc/arm-none-eabi/13.3.1/thumb/v7-m/nofp\libc.a(libc_a-init.o)
                              C:/Users/danst/scoop/apps/gcc-arm-none-eabi/13.3.rel1/bin/../lib/gcc/arm-none-eabi/13.3.1/thumb/v7-m/nofp/crt0.o (__libc_init_array)
C:/Users/danst/scoop/apps/gcc-arm-none-eabi/13.3.rel1/bin/../lib/gcc/arm-none-eabi/13.3.1/thumb/v7-m/nofp\libc.a(libc_a-lock.o)
                              C:/Users/danst/scoop/apps/gcc-arm-none-eabi/13.3.rel1/bin/../lib/gcc/arm-none-eabi/13.3.1/thumb/v7-m/nofp\libc.a(libc_a-findfp.o) (__retarget_lock_init_recursive)
C:/Users/danst/scoop/apps/gcc-arm-none-eabi/13.3.rel1/bin/../lib/gcc/arm-none-eabi/13.3.1/thumb/v7-m/nofp\libc.a(libc_a-__call_atexit.o)
                              C:/Users/danst/scoop/apps/gcc-arm-none-eabi/13.3.rel1/bin/../lib/gcc/arm-none-eabi/13.3.1/thumb/v7-m/nofp\libc.a(libc_a-exit.o) (__call_exitprocs)
C:/Users/danst/scoop/apps/gcc-arm-none-eabi/13.3.rel1/bin/../lib/gcc/arm-none-eabi/13.3.1/thumb/v7-m/nofp\libc.a(libc_a-atexit.o)
                              C:/Users/danst/scoop/apps/gcc-arm-none-eabi/13.3.rel1/bin/../lib/gcc/arm-none-eabi/13.3.1/thumb/v7-m/nofp\libc.a(libc_a-__call_atexit.o) (atexit)
C:/Users/danst/scoop/apps/gcc-arm-none-eabi/13.3.rel1/bin/../lib/gcc/arm-none-eabi/13.3.1/thumb/v7-m/nofp\libc.a(libc_a-freer.o)
                              C:/Users/danst/scoop/apps/gcc-arm-none-eabi/13.3.rel1/bin/../lib/gcc/arm-none-eabi/13.3.1/thumb/v7-m/nofp\libc.a(libc_a-reent.o) (_free_r)
C:/Users/danst/scoop/apps/gcc-arm-none-eabi/13.3.rel1/bin/../lib/gcc/arm-none-eabi/13.3.1/thumb/v7-m/nofp\libc.a(libc_a-mallocr.o)
[...]
Memory Configuration

Name             Origin             Length             Attributes
RAM              0x20000000         0x00005000         xrw
FLASH            0x08000000         0x00020000         xr
*default*        0x00000000         0xffffffff

Linker script and memory map

LOAD C:/Users/danst/scoop/apps/gcc-arm-none-eabi/13.3.rel1/bin/../lib/gcc/arm-none-eabi/13.3.1/thumb/v7-m/nofp/crti.o
LOAD C:/Users/danst/scoop/apps/gcc-arm-none-eabi/13.3.rel1/bin/../lib/gcc/arm-none-eabi/13.3.1/thumb/v7-m/nofp/crtbegin.o
LOAD C:/Users/danst/scoop/apps/gcc-arm-none-eabi/13.3.rel1/bin/../lib/gcc/arm-none-eabi/13.3.1/thumb/v7-m/nofp/crt0.o
                0x20005000                        _estack = (ORIGIN (RAM) + LENGTH (RAM))
                0x00000200                        _Min_Heap_Size = 0x200
                0x00000400                        _Min_Stack_Size = 0x400

.isr_vector     0x08000000      0x10c
                0x08000000                        . = ALIGN (0x4)
 *(.isr_vector)
 .isr_vector    0x08000000      0x10c ..\obj\startup_stm32f103rbtx.o
                0x08000000                g_pfnVectors
                0x0800010c                        . = ALIGN (0x4)

.text           0x0800010c     0x1e20
                0x0800010c                        . = ALIGN (0x4)
 *(.text)
 *(.text*)
 .text.deregister_tm_clones
                0x0800010c       0x1c C:/Users/danst/scoop/apps/gcc-arm-none-eabi/13.3.rel1/bin/../lib/gcc/arm-none-eabi/13.3.1/thumb/v7-m/nofp/crtbegin.o
 .text.register_tm_clones
                0x08000128       0x24 C:/Users/danst/scoop/apps/gcc-arm-none-eabi/13.3.rel1/bin/../lib/gcc/arm-none-eabi/13.3.1/thumb/v7-m/nofp/crtbegin.o
 .text.__do_global_dtors_aux
                0x0800014c       0x28 C:/Users/danst/scoop/apps/gcc-arm-none-eabi/13.3.rel1/bin/../lib/gcc/arm-none-eabi/13.3.1/thumb/v7-m/nofp/crtbegin.o
 .text.frame_dummy
                0x08000174       0x24 C:/Users/danst/scoop/apps/gcc-arm-none-eabi/13.3.rel1/bin/../lib/gcc/arm-none-eabi/13.3.1/thumb/v7-m/nofp/crtbegin.o
 .text.memset   0x08000198       0xa0 C:/Users/danst/scoop/apps/gcc-arm-none-eabi/13.3.rel1/bin/../lib/gcc/arm-none-eabi/13.3.1/thumb/v7-m/nofp\libc.a(libc_a-memset.o)
                0x08000198                memset
 .text.__libc_init_array
                0x08000238       0x50 C:/Users/danst/scoop/apps/gcc-arm-none-eabi/13.3.rel1/bin/../lib/gcc/arm-none-eabi/13.3.1/thumb/v7-m/nofp\libc.a(libc_a-init.o)
                0x08000238                __libc_init_array
 .text.__retarget_lock_acquire_recursive
                0x08000288        0x4 C:/Users/danst/scoop/apps/gcc-arm-none-eabi/13.3.rel1/bin/../lib/gcc/arm-none-eabi/13.3.1/thumb/v7-m/nofp\libc.a(libc_a-lock.o)
                0x08000288                __retarget_lock_acquire_recursive
 .text.__retarget_lock_release_recursive
                0x0800028c        0x4 C:/Users/danst/scoop/apps/gcc-arm-none-eabi/13.3.rel1/bin/../lib/gcc/arm-none-eabi/13.3.1/thumb/v7-m/nofp\libc.a(libc_a-lock.o)
                0x0800028c                __retarget_lock_release_recursive
 .text.startup.register_fini
                0x08000290       0x14 C:/Users/danst/scoop/apps/gcc-arm-none-eabi/13.3.rel1/bin/../lib/gcc/arm-none-eabi/13.3.1/thumb/v7-m/nofp\libc.a(libc_a-__call_atexit.o)
 .text.atexit   0x080002a4        0xc C:/Users/danst/scoop/apps/gcc-arm-none-eabi/13.3.rel1/bin/../lib/gcc/arm-none-eabi/13.3.1/thumb/v7-m/nofp\libc.a(libc_a-atexit.o)
                0x080002a4                atexit
 .text.__libc_fini_array
                0x080002b0       0x28 C:/Users/danst/scoop/apps/gcc-arm-none-eabi/13.3.rel1/bin/../lib/gcc/arm-none-eabi/13.3.1/thumb/v7-m/nofp\libc.a(libc_a-fini.o)
                0x080002b0                __libc_fini_array
 .text.__register_exitproc
                0x080002d8       0x80 C:/Users/danst/scoop/apps/gcc-arm-none-eabi/13.3.rel1/bin/../lib/gcc/arm-none-eabi/13.3.1/thumb/v7-m/nofp\libc.a(libc_a-__atexit.o)
                0x080002d8                __register_exitproc
 .text.HAL_Init
                0x08000358       0x2c ..\obj\stm32f1xx_hal.o
                0x08000358                HAL_Init
 .text.HAL_DeInit
                0x08000384       0x30 ..\obj\stm32f1xx_hal.o
                0x08000384                HAL_DeInit
 .text.HAL_MspDeInit
                0x080003b4        0xc ..\obj\stm32f1xx_hal.o
                0x080003b4                HAL_MspDeInit
 .text.HAL_InitTick
                0x080003c0       0x60 ..\obj\stm32f1xx_hal.o
                0x080003c0                HAL_InitTick
 .text.HAL_IncTick
                0x08000420       0x24 ..\obj\stm32f1xx_hal.o
                0x08000420                HAL_IncTick
 .text.HAL_GetTick
                0x08000444       0x14 ..\obj\stm32f1xx_hal.o
                0x08000444                HAL_GetTick
 .text.HAL_Delay
                0x08000458       0x48 ..\obj\stm32f1xx_hal.o
                0x08000458                HAL_Delay
 .text.NMI_Handler
                0x080004a0        0x8 ..\obj\stm32f1xx_it.o
                0x080004a0                NMI_Handler
 .text.HardFault_Handler
                0x080004a8        0x8 ..\obj\stm32f1xx_it.o
                0x080004a8                HardFault_Handler
 .text.MemManage_Handler
                0x080004b0        0x8 ..\obj\stm32f1xx_it.o
                0x080004b0                MemManage_Handler
 .text.BusFault_Handler
                0x080004b8        0x8 ..\obj\stm32f1xx_it.o
                0x080004b8                BusFault_Handler
 .text.UsageFault_Handler
                0x080004c0        0x8 ..\obj\stm32f1xx_it.o
                0x080004c0                UsageFault_Handler
 .text.SVC_Handler
                0x080004c8        0xc ..\obj\stm32f1xx_it.o
                0x080004c8                SVC_Handler
 .text.DebugMon_Handler
                0x080004d4        0xc ..\obj\stm32f1xx_it.o
                0x080004d4                DebugMon_Handler
 .text.PendSV_Handler
                0x080004e0        0xc ..\obj\stm32f1xx_it.o
                0x080004e0                PendSV_Handler
 .text.SysTick_Handler
                0x080004ec        0xc ..\obj\stm32f1xx_it.o
                0x080004ec                SysTick_Handler
 .text.EXTI15_10_IRQHandler
                0x080004f8       0x10 ..\obj\stm32f1xx_it.o
                0x080004f8                EXTI15_10_IRQHandler
 .text.__NVIC_SetPriorityGrouping
                0x08000508       0x48 ..\obj\stm32f1xx_hal_cortex.o
 .text.__NVIC_GetPriorityGrouping
                0x08000550       0x1c ..\obj\stm32f1xx_hal_cortex.o
 .text.__NVIC_EnableIRQ
                0x0800056c       0x38 ..\obj\stm32f1xx_hal_cortex.o
 .text.__NVIC_SetPriority
                0x080005a4       0x54 ..\obj\stm32f1xx_hal_cortex.o
 .text.NVIC_EncodePriority
                0x080005f8       0x64 ..\obj\stm32f1xx_hal_cortex.o
 .text.SysTick_Config
                0x0800065c       0x44 ..\obj\stm32f1xx_hal_cortex.o
 .text.HAL_NVIC_SetPriorityGrouping
                0x080006a0       0x16 ..\obj\stm32f1xx_hal_cortex.o
                0x080006a0                HAL_NVIC_SetPriorityGrouping
 .text.HAL_NVIC_SetPriority
                0x080006b6       0x38 ..\obj\stm32f1xx_hal_cortex.o
                0x080006b6                HAL_NVIC_SetPriority
 .text.HAL_NVIC_EnableIRQ
                0x080006ee       0x1c ..\obj\stm32f1xx_hal_cortex.o
                0x080006ee                HAL_NVIC_EnableIRQ
 .text.HAL_SYSTICK_Config
                0x0800070a       0x18 ..\obj\stm32f1xx_hal_cortex.o
                0x0800070a                HAL_SYSTICK_Config
 .text.SystemInit
                0x08000722        0xc ..\obj\system_stm32f1xx.o
                0x08000722                SystemInit
 *fill*         0x0800072e        0x2 
 .text.HAL_RCC_OscConfig
                0x08000730      0x504 ..\obj\stm32f1xx_hal_rcc.o
                0x08000730                HAL_RCC_OscConfig
 .text.HAL_RCC_ClockConfig
                0x08000c34      0x1d4 ..\obj\stm32f1xx_hal_rcc.o
                0x08000c34                HAL_RCC_ClockConfig
 .text.HAL_RCC_MCOConfig
                0x08000e08       0x70 ..\obj\stm32f1xx_hal_rcc.o
                0x08000e08                HAL_RCC_MCOConfig
 .text.HAL_RCC_GetSysClockFreq
                0x08000e78       0xa8 ..\obj\stm32f1xx_hal_rcc.o
                0x08000e78                HAL_RCC_GetSysClockFreq
 .text.HAL_RCC_GetHCLKFreq
                0x08000f20       0x14 ..\obj\stm32f1xx_hal_rcc.o
                0x08000f20                HAL_RCC_GetHCLKFreq
 .text.HAL_RCC_GetPCLK1Freq
                0x08000f34       0x28 ..\obj\stm32f1xx_hal_rcc.o
                0x08000f34                HAL_RCC_GetPCLK1Freq
 .text.HAL_RCC_GetPCLK2Freq
                0x08000f5c       0x28 ..\obj\stm32f1xx_hal_rcc.o
                0x08000f5c                HAL_RCC_GetPCLK2Freq
 .text.RCC_Delay
                0x08000f84       0x3c ..\obj\stm32f1xx_hal_rcc.o
 .text.HAL_UART_Init
                0x08000fc0       0xa0 ..\obj\stm32f1xx_hal_uart.o
                0x08000fc0                HAL_UART_Init
 .text.UART_SetConfig
                0x08001060      0x11c ..\obj\stm32f1xx_hal_uart.o
 .text.main     0x0800117c       0x58 ..\obj\main.o
                0x0800117c                main
 .text.SystemClock_Config
                0x080011d4       0x8e ..\obj\main.o
                0x080011d4                SystemClock_Config
 *fill*         0x08001262        0x2 
 .text.MX_USART2_UART_Init
                0x08001264       0x54 ..\obj\main.o
 .text.MX_GPIO_Init
                0x080012b8      0x150 ..\obj\main.o
 .text.Error_Handler
                0x08001408        0xc ..\obj\main.o
                0x08001408                Error_Handler
 .text.HAL_GPIO_Init
                0x08001414      0x308 ..\obj\stm32f1xx_hal_gpio.o
                0x08001414                HAL_GPIO_Init
 .text.HAL_GPIO_ReadPin
                0x0800171c       0x2e ..\obj\stm32f1xx_hal_gpio.o
                0x0800171c                HAL_GPIO_ReadPin
 .text.HAL_GPIO_WritePin
                0x0800174a       0x30 ..\obj\stm32f1xx_hal_gpio.o
                0x0800174a                HAL_GPIO_WritePin
 .text.HAL_GPIO_TogglePin
                0x0800177a       0x32 ..\obj\stm32f1xx_hal_gpio.o
                0x0800177a                HAL_GPIO_TogglePin
 .text.HAL_GPIO_EXTI_IRQHandler
                0x080017ac       0x30 ..\obj\stm32f1xx_hal_gpio.o
                0x080017ac                HAL_GPIO_EXTI_IRQHandler
 .text.HAL_GPIO_EXTI_Callback
                0x080017dc       0x14 ..\obj\stm32f1xx_hal_gpio.o
                0x080017dc                HAL_GPIO_EXTI_Callback
 .text.Reset_Handler
                0x080017f0       0x48 ..\obj\startup_stm32f103rbtx.o
                0x080017f0                Reset_Handler
 .text.Default_Handler
                0x08001838        0x2 ..\obj\startup_stm32f103rbtx.o
                0x08001838                RTC_Alarm_IRQHandler
                0x08001838                EXTI2_IRQHandler
                0x08001838                TIM1_CC_IRQHandler
                0x08001838                PVD_IRQHandler
                0x08001838                EXTI3_IRQHandler
                0x08001838                EXTI0_IRQHandler
                0x08001838                I2C2_EV_IRQHandler
                0x08001838                ADC1_2_IRQHandler
                0x08001838                SPI1_IRQHandler
                0x08001838                TAMPER_IRQHandler
                0x08001838                DMA1_Channel4_IRQHandler
                0x08001838                USART3_IRQHandler
                0x08001838                RTC_IRQHandler
                0x08001838                DMA1_Channel7_IRQHandler
                0x08001838                CAN1_RX1_IRQHandler
                0x08001838                TIM4_IRQHandler
                0x08001838                I2C1_EV_IRQHandler
                0x08001838                DMA1_Channel6_IRQHandler
                0x08001838                TIM3_IRQHandler
                0x08001838                RCC_IRQHandler
                0x08001838                TIM1_TRG_COM_IRQHandler
                0x08001838                DMA1_Channel1_IRQHandler
                0x08001838                Default_Handler
                0x08001838                EXTI9_5_IRQHandler
                0x08001838                SPI2_IRQHandler
                0x08001838                DMA1_Channel5_IRQHandler
                0x08001838                EXTI4_IRQHandler
                0x08001838                USB_LP_CAN1_RX0_IRQHandler
                0x08001838                USB_HP_CAN1_TX_IRQHandler
                0x08001838                DMA1_Channel3_IRQHandler
                0x08001838                TIM1_UP_IRQHandler
                0x08001838                WWDG_IRQHandler
                0x08001838                TIM2_IRQHandler
                0x08001838                TIM1_BRK_IRQHandler
                0x08001838                EXTI1_IRQHandler
                0x08001838                USART2_IRQHandler
                0x08001838                I2C2_ER_IRQHandler
                0x08001838                DMA1_Channel2_IRQHandler
                0x08001838                CAN1_SCE_IRQHandler
                0x08001838                FLASH_IRQHandler
                0x08001838                USART1_IRQHandler
                0x08001838                I2C1_ER_IRQHandler
                0x08001838                USBWakeUp_IRQHandler
 .text.split16BitTo8Bit
                0x0800183a       0x2c ..\obj\basicFunctions.o
                0x0800183a                split16BitTo8Bit
 *fill*         0x08001866        0x2 
 .text.StopIfBlueButtonWasPressed
                0x08001868       0x40 ..\obj\basicFunctions.o
                0x08001868                StopIfBlueButtonWasPressed
 .text.LD2Init  0x080018a8       0x64 ..\obj\basicFunctions.o
                0x080018a8                LD2Init
 .text.write8   0x0800190c       0xc8 ..\obj\basicFunctions.o
                0x0800190c                write8
 .text.CommandLCD
                0x080019d4       0x58 ..\obj\basicFunctions.o
                0x080019d4                CommandLCD
 .text.Write8ToLCD
                0x08001a2c       0x58 ..\obj\basicFunctions.o
                0x08001a2c                Write8ToLCD
 .text.Write16ToLCD
                0x08001a84       0x8c ..\obj\basicFunctions.o
                0x08001a84                Write16ToLCD
 .text.initLCD  0x08001b10      0x280 ..\obj\basicFunctions.o
                0x08001b10                initLCD
 .text.EnterSleepLCD
                0x08001d90       0x20 ..\obj\basicFunctions.o
                0x08001d90                EnterSleepLCD
 .text.fillRect
                0x08001db0       0x82 ..\obj\basicFunctions.o
                0x08001db0                fillRect
 *fill*         0x08001e32        0x2 
 .text.HAL_MspInit
                0x08001e34       0x64 ..\obj\stm32f1xx_hal_msp.o
                0x08001e34                HAL_MspInit
 .text.HAL_UART_MspInit
                0x08001e98       0x7c ..\obj\stm32f1xx_hal_msp.o
                0x08001e98                HAL_UART_MspInit
 *(.glue_7)
 .glue_7        0x08001f14        0x0 linker stubs
 *(.glue_7t)
 .glue_7t       0x08001f14        0x0 linker stubs
 *(.eh_frame)
 .eh_frame      0x08001f14        0x0 C:/Users/danst/scoop/apps/gcc-arm-none-eabi/13.3.rel1/bin/../lib/gcc/arm-none-eabi/13.3.1/thumb/v7-m/nofp/crtbegin.o
 *(.init)
 .init          0x08001f14        0x4 C:/Users/danst/scoop/apps/gcc-arm-none-eabi/13.3.rel1/bin/../lib/gcc/arm-none-eabi/13.3.1/thumb/v7-m/nofp/crti.o
                0x08001f14                _init
 .init          0x08001f18        0x8 C:/Users/danst/scoop/apps/gcc-arm-none-eabi/13.3.rel1/bin/../lib/gcc/arm-none-eabi/13.3.1/thumb/v7-m/nofp/crtn.o
 *(.fini)
 .fini          0x08001f20        0x4 C:/Users/danst/scoop/apps/gcc-arm-none-eabi/13.3.rel1/bin/../lib/gcc/arm-none-eabi/13.3.1/thumb/v7-m/nofp/crti.o
                0x08001f20                _fini
 .fini          0x08001f24        0x8 C:/Users/danst/scoop/apps/gcc-arm-none-eabi/13.3.rel1/bin/../lib/gcc/arm-none-eabi/13.3.1/thumb/v7-m/nofp/crtn.o
                0x08001f2c                        . = ALIGN (0x4)
                0x08001f2c                        _etext = .

.vfp11_veneer   0x08001f2c        0x0
 .vfp11_veneer  0x08001f2c        0x0 linker stubs

.v4_bx          0x08001f2c        0x0
 .v4_bx         0x08001f2c        0x0 linker stubs

.iplt           0x08001f2c        0x0
 .iplt          0x08001f2c        0x0 C:/Users/danst/scoop/apps/gcc-arm-none-eabi/13.3.rel1/bin/../lib/gcc/arm-none-eabi/13.3.1/thumb/v7-m/nofp/crtbegin.o

.rodata         0x08001f2c       0x2c
                0x08001f2c                        . = ALIGN (0x4)
 *(.rodata)
 .rodata        0x08001f2c       0x18 ..\obj\system_stm32f1xx.o
                0x08001f2c                AHBPrescTable
                0x08001f3c                APBPrescTable
 .rodata        0x08001f44       0x12 ..\obj\stm32f1xx_hal_rcc.o
 *(.rodata*)
                0x08001f58                        . = ALIGN (0x4)
 *fill*         0x08001f56        0x2 

.ARM.extab      0x08001f58        0x0
                0x08001f58                        . = ALIGN (0x4)
 *(.ARM.extab* .gnu.linkonce.armextab.*)
                0x08001f58                        . = ALIGN (0x4)

.ARM            0x08001f58        0x0
                0x08001f58                        . = ALIGN (0x4)
                0x08001f58                        __exidx_start = .
 *(.ARM.exidx*)
                0x08001f58                        __exidx_end = .
                0x08001f58                        . = ALIGN (0x4)

.preinit_array  0x08001f58        0x0
                0x08001f58                        . = ALIGN (0x4)
                0x08001f58                        PROVIDE (__preinit_array_start = .)
 *(.preinit_array*)
                0x08001f58                        PROVIDE (__preinit_array_end = .)
                0x08001f58                        . = ALIGN (0x4)

.init_array     0x08001f58        0x8
                0x08001f58                        . = ALIGN (0x4)
                0x08001f58                        PROVIDE (__init_array_start = .)
 *(SORT_BY_NAME(.init_array.*))
 .init_array.00000
                0x08001f58        0x4 C:/Users/danst/scoop/apps/gcc-arm-none-eabi/13.3.rel1/bin/../lib/gcc/arm-none-eabi/13.3.1/thumb/v7-m/nofp\libc.a(libc_a-__call_atexit.o)
 *(.init_array*)
 .init_array    0x08001f5c        0x4 C:/Users/danst/scoop/apps/gcc-arm-none-eabi/13.3.rel1/bin/../lib/gcc/arm-none-eabi/13.3.1/thumb/v7-m/nofp/crtbegin.o
                0x08001f60                        PROVIDE (__init_array_end = .)
                0x08001f60                        . = ALIGN (0x4)

.fini_array     0x08001f60        0x4
                0x08001f60                        . = ALIGN (0x4)
                0x08001f60                        PROVIDE (__fini_array_start = .)
 *(SORT_BY_NAME(.fini_array.*))
 *(.fini_array*)
 .fini_array    0x08001f60        0x4 C:/Users/danst/scoop/apps/gcc-arm-none-eabi/13.3.rel1/bin/../lib/gcc/arm-none-eabi/13.3.1/thumb/v7-m/nofp/crtbegin.o
                0x08001f64                        PROVIDE (__fini_array_end = .)
                0x08001f64                        . = ALIGN (0x4)
                0x08001f64                        _sidata = LOADADDR (.data)

.rel.dyn        0x08001f64        0x0
 .rel.iplt      0x08001f64        0x0 C:/Users/danst/scoop/apps/gcc-arm-none-eabi/13.3.rel1/bin/../lib/gcc/arm-none-eabi/13.3.1/thumb/v7-m/nofp/crtbegin.o

.data           0x20000000       0x10 load address 0x08001f64
                0x20000000                        . = ALIGN (0x4)
                0x20000000                        _sdata = .
 *(.data)
 .data          0x20000000        0x5 ..\obj\stm32f1xx_hal.o
                0x20000000                uwTickPrio
                0x20000004                uwTickFreq
 *fill*         0x20000005        0x3 
 .data          0x20000008        0x4 ..\obj\system_stm32f1xx.o
                0x20000008                SystemCoreClock
 *(.data*)
 .data.__atexit_recursive_mutex
                0x2000000c        0x4 C:/Users/danst/scoop/apps/gcc-arm-none-eabi/13.3.rel1/bin/../lib/gcc/arm-none-eabi/13.3.1/thumb/v7-m/nofp\libc.a(libc_a-__call_atexit.o)
                0x2000000c                __atexit_recursive_mutex
 *(.RamFunc)
 *(.RamFunc*)
                0x20000010                        . = ALIGN (0x4)
                0x20000010                        _edata = .

.tm_clone_table
                0x20000010        0x0 load address 0x08001f74
 .tm_clone_table
                0x20000010        0x0 C:/Users/danst/scoop/apps/gcc-arm-none-eabi/13.3.rel1/bin/../lib/gcc/arm-none-eabi/13.3.1/thumb/v7-m/nofp/crtbegin.o
 .tm_clone_table
                0x20000010        0x0 C:/Users/danst/scoop/apps/gcc-arm-none-eabi/13.3.rel1/bin/../lib/gcc/arm-none-eabi/13.3.1/thumb/v7-m/nofp/crtend.o

.igot.plt       0x20000010        0x0 load address 0x08001f74
 .igot.plt      0x20000010        0x0 C:/Users/danst/scoop/apps/gcc-arm-none-eabi/13.3.rel1/bin/../lib/gcc/arm-none-eabi/13.3.1/thumb/v7-m/nofp/crtbegin.o
                0x20000010                        . = ALIGN (0x4)

.bss            0x20000010      0x200 load address 0x08001f74
                0x20000010                        _sbss = .
                0x20000010                        __bss_start__ = _sbss
 *(.bss)
 .bss           0x20000010        0x4 ..\obj\stm32f1xx_hal.o
                0x20000010                uwTick
 .bss           0x20000014       0x48 ..\obj\main.o
                0x20000014                huart2
 *(.bss*)
 .bss.completed.1
                0x2000005c        0x1 C:/Users/danst/scoop/apps/gcc-arm-none-eabi/13.3.rel1/bin/../lib/gcc/arm-none-eabi/13.3.1/thumb/v7-m/nofp/crtbegin.o
 *fill*         0x2000005d        0x3 
 .bss.object.0  0x20000060       0x18 C:/Users/danst/scoop/apps/gcc-arm-none-eabi/13.3.rel1/bin/../lib/gcc/arm-none-eabi/13.3.1/thumb/v7-m/nofp/crtbegin.o
 .bss.__lock___atexit_recursive_mutex
                0x20000078        0x1 C:/Users/danst/scoop/apps/gcc-arm-none-eabi/13.3.rel1/bin/../lib/gcc/arm-none-eabi/13.3.1/thumb/v7-m/nofp\libc.a(libc_a-lock.o)
                0x20000078                __lock___atexit_recursive_mutex
 *fill*         0x20000079        0x3 
 .bss.__atexit  0x2000007c        0x4 C:/Users/danst/scoop/apps/gcc-arm-none-eabi/13.3.rel1/bin/../lib/gcc/arm-none-eabi/13.3.1/thumb/v7-m/nofp\libc.a(libc_a-__call_atexit.o)
                0x2000007c                __atexit
 .bss.__atexit0
                0x20000080      0x190 C:/Users/danst/scoop/apps/gcc-arm-none-eabi/13.3.rel1/bin/../lib/gcc/arm-none-eabi/13.3.1/thumb/v7-m/nofp\libc.a(libc_a-__atexit.o)
                0x20000080                __atexit0
 *(COMMON)
                0x20000210                        . = ALIGN (0x4)
                0x20000210                        _ebss = .
                0x20000210                        __bss_end__ = _ebss

._user_heap_stack
                0x20000210      0x600 load address 0x08001f74
                0x20000210                        . = ALIGN (0x8)
                [!provide]                        PROVIDE (end = .)
                0x20000210                        PROVIDE (_end = .)
                0x20000410                        . = (. + _Min_Heap_Size)
 *fill*         0x20000210      0x200 
                0x20000810                        . = (. + _Min_Stack_Size)
 *fill*         0x20000410      0x400 
                0x20000810                        . = ALIGN (0x8)

/DISCARD/
 libc.a(*)
 libm.a(*)
 libgcc.a(*)

.ARM.attributes
                0x00000000       0x29
 *(.ARM.attributes)
 .ARM.attributes
                0x00000000       0x1d C:/Users/danst/scoop/apps/gcc-arm-none-eabi/13.3.rel1/bin/../lib/gcc/arm-none-eabi/13.3.1/thumb/v7-m/nofp/crti.o
 .ARM.attributes
                0x0000001d       0x2d C:/Users/danst/scoop/apps/gcc-arm-none-eabi/13.3.rel1/bin/../lib/gcc/arm-none-eabi/13.3.1/thumb/v7-m/nofp/crtbegin.o
 .ARM.attributes
                0x0000004a       0x2d ..\obj\stm32f1xx_hal.o
 .ARM.attributes
                0x00000077       0x2d ..\obj\stm32f1xx_it.o
 .ARM.attributes
                0x000000a4       0x2d ..\obj\stm32f1xx_hal_cortex.o
 .ARM.attributes
                0x000000d1       0x2d ..\obj\system_stm32f1xx.o
 .ARM.attributes
                0x000000fe       0x2d ..\obj\stm32f1xx_hal_rcc.o
 .ARM.attributes
                0x0000012b       0x2d ..\obj\stm32f1xx_hal_uart.o
 .ARM.attributes
                0x00000158       0x2d ..\obj\main.o
 .ARM.attributes
                0x00000185       0x2d ..\obj\stm32f1xx_hal_gpio.o
 .ARM.attributes
                0x000001b2       0x21 ..\obj\startup_stm32f103rbtx.o
 .ARM.attributes
                0x000001d3       0x2d ..\obj\basicFunctions.o
 .ARM.attributes
                0x00000200       0x2d ..\obj\stm32f1xx_hal_msp.o
 .ARM.attributes
                0x0000022d       0x2d C:/Users/danst/scoop/apps/gcc-arm-none-eabi/13.3.rel1/bin/../lib/gcc/arm-none-eabi/13.3.1/thumb/v7-m/nofp/crtend.o
 .ARM.attributes
                0x0000025a       0x1d C:/Users/danst/scoop/apps/gcc-arm-none-eabi/13.3.rel1/bin/../lib/gcc/arm-none-eabi/13.3.1/thumb/v7-m/nofp/crtn.o
LOAD ..\obj\stm32f1xx_hal_rcc_ex.o
LOAD ..\obj\stm32f1xx_hal_pwr.o
LOAD ..\obj\sysmem.o
LOAD ..\obj\stm32f1xx_hal.o
LOAD ..\obj\stm32f1xx_it.o
LOAD ..\obj\stm32f1xx_hal_gpio_ex.o
LOAD ..\obj\stm32f1xx_hal_cortex.o
LOAD ..\obj\system_stm32f1xx.o
LOAD ..\obj\stm32f1xx_hal_rcc.o
LOAD ..\obj\stm32f1xx_hal_uart.o
LOAD ..\obj\main.o
LOAD ..\obj\stm32f1xx_hal_flash.o
LOAD ..\obj\stm32f1xx_hal_gpio.o
LOAD ..\obj\stm32f1xx_hal_dma.o
LOAD ..\obj\startup_stm32f103rbtx.o
LOAD ..\obj\basicFunctions.o
LOAD ..\obj\syscalls.o
LOAD ..\obj\stm32f1xx_hal_msp.o
LOAD ..\obj\stm32f1xx_hal_exti.o
LOAD ..\obj\stm32f1xx_hal_tim.o
LOAD ..\obj\stm32f1xx_hal_flash_ex.o
LOAD ..\obj\stm32f1xx_hal_tim_ex.o
START GROUP
LOAD C:/Users/danst/scoop/apps/gcc-arm-none-eabi/13.3.rel1/bin/../lib/gcc/arm-none-eabi/13.3.1/thumb/v7-m/nofp\libgcc.a
LOAD C:/Users/danst/scoop/apps/gcc-arm-none-eabi/13.3.rel1/bin/../lib/gcc/arm-none-eabi/13.3.1/thumb/v7-m/nofp\libg.a
LOAD C:/Users/danst/scoop/apps/gcc-arm-none-eabi/13.3.rel1/bin/../lib/gcc/arm-none-eabi/13.3.1/thumb/v7-m/nofp\libc.a
END GROUP
LOAD C:/Users/danst/scoop/apps/gcc-arm-none-eabi/13.3.rel1/bin/../lib/gcc/arm-none-eabi/13.3.1/thumb/v7-m/nofp/crtend.o
LOAD C:/Users/danst/scoop/apps/gcc-arm-none-eabi/13.3.rel1/bin/../lib/gcc/arm-none-eabi/13.3.1/thumb/v7-m/nofp/crtn.o
OUTPUT(please_work.elf elf32-littlearm)
LOAD linker stubs
LOAD C:/Users/danst/scoop/apps/gcc-arm-none-eabi/13.3.rel1/bin/../lib/gcc/arm-none-eabi/13.3.1/thumb/v7-m/nofp\libc.a
LOAD C:/Users/danst/scoop/apps/gcc-arm-none-eabi/13.3.rel1/bin/../lib/gcc/arm-none-eabi/13.3.1/thumb/v7-m/nofp\libm.a
LOAD C:/Users/danst/scoop/apps/gcc-arm-none-eabi/13.3.rel1/bin/../lib/gcc/arm-none-eabi/13.3.1/thumb/v7-m/nofp\libgcc.a

.debug_info     0x00000000     0x69e4
 .debug_info    0x00000000      0x700 ..\obj\stm32f1xx_hal.o
 .debug_info    0x00000700      0x147 ..\obj\stm32f1xx_it.o
 .debug_info    0x00000847      0xa83 ..\obj\stm32f1xx_hal_cortex.o
 .debug_info    0x000012ca      0x217 ..\obj\system_stm32f1xx.o
 .debug_info    0x000014e1      0x7d1 ..\obj\stm32f1xx_hal_rcc.o
 .debug_info    0x00001cb2     0x2ee9 ..\obj\stm32f1xx_hal_uart.o
 .debug_info    0x00004b9b      0xb79 ..\obj\main.o
 .debug_info    0x00005714      0x5a7 ..\obj\stm32f1xx_hal_gpio.o
 .debug_info    0x00005cbb       0x30 ..\obj\startup_stm32f103rbtx.o
 .debug_info    0x00005ceb      0x505 ..\obj\basicFunctions.o
 .debug_info    0x000061f0      0x7f4 ..\obj\stm32f1xx_hal_msp.o

.debug_abbrev   0x00000000     0x1470
 .debug_abbrev  0x00000000      0x1ff ..\obj\stm32f1xx_hal.o
 .debug_abbrev  0x000001ff       0x9e ..\obj\stm32f1xx_it.o
 .debug_abbrev  0x0000029d      0x2f6 ..\obj\stm32f1xx_hal_cortex.o
 .debug_abbrev  0x00000593      0x13d ..\obj\system_stm32f1xx.o
 .debug_abbrev  0x000006d0      0x2b1 ..\obj\stm32f1xx_hal_rcc.o
 .debug_abbrev  0x00000981      0x2f6 ..\obj\stm32f1xx_hal_uart.o
 .debug_abbrev  0x00000c77      0x262 ..\obj\main.o
 .debug_abbrev  0x00000ed9      0x1c8 ..\obj\stm32f1xx_hal_gpio.o
 .debug_abbrev  0x000010a1       0x24 ..\obj\startup_stm32f103rbtx.o
 .debug_abbrev  0x000010c5      0x202 ..\obj\basicFunctions.o
 .debug_abbrev  0x000012c7      0x1a9 ..\obj\stm32f1xx_hal_msp.o

.debug_aranges  0x00000000      0x670
 .debug_aranges
                0x00000000       0xe0 ..\obj\stm32f1xx_hal.o
 .debug_aranges
                0x000000e0       0x68 ..\obj\stm32f1xx_it.o
 .debug_aranges
                0x00000148      0x100 ..\obj\stm32f1xx_hal_cortex.o
 .debug_aranges
                0x00000248       0x28 ..\obj\system_stm32f1xx.o
 .debug_aranges
                0x00000270       0x90 ..\obj\stm32f1xx_hal_rcc.o
 .debug_aranges
                0x00000300      0x208 ..\obj\stm32f1xx_hal_uart.o
 .debug_aranges
                0x00000508       0x40 ..\obj\main.o
 .debug_aranges
                0x00000548       0x58 ..\obj\stm32f1xx_hal_gpio.o
 .debug_aranges
                0x000005a0       0x28 ..\obj\startup_stm32f103rbtx.o
 .debug_aranges
                0x000005c8       0x78 ..\obj\basicFunctions.o
 .debug_aranges
                0x00000640       0x30 ..\obj\stm32f1xx_hal_msp.o

.debug_rnglists
                0x00000000      0x4e7
 .debug_rnglists
                0x00000000       0xa3 ..\obj\stm32f1xx_hal.o
 .debug_rnglists
                0x000000a3       0x49 ..\obj\stm32f1xx_it.o
 .debug_rnglists
                0x000000ec       0xbb ..\obj\stm32f1xx_hal_cortex.o
 .debug_rnglists
                0x000001a7       0x1a ..\obj\system_stm32f1xx.o
 .debug_rnglists
                0x000001c1       0x6c ..\obj\stm32f1xx_hal_rcc.o
 .debug_rnglists
                0x0000022d      0x1bc ..\obj\stm32f1xx_hal_uart.o
 .debug_rnglists
                0x000003e9       0x2d ..\obj\main.o
 .debug_rnglists
                0x00000416       0x3f ..\obj\stm32f1xx_hal_gpio.o
 .debug_rnglists
                0x00000455       0x19 ..\obj\startup_stm32f103rbtx.o
 .debug_rnglists
                0x0000046e       0x5a ..\obj\basicFunctions.o
 .debug_rnglists
                0x000004c8       0x1f ..\obj\stm32f1xx_hal_msp.o

.debug_line     0x00000000     0x4bca
 .debug_line    0x00000000      0x546 ..\obj\stm32f1xx_hal.o
 .debug_line    0x00000546      0x267 ..\obj\stm32f1xx_it.o
 .debug_line    0x000007ad      0x67e ..\obj\stm32f1xx_hal_cortex.o
 .debug_line    0x00000e2b      0x24f ..\obj\system_stm32f1xx.o
 .debug_line    0x0000107a      0x9f3 ..\obj\stm32f1xx_hal_rcc.o
 .debug_line    0x00001a6d     0x2088 ..\obj\stm32f1xx_hal_uart.o
 .debug_line    0x00003af5      0x44e ..\obj\main.o
 .debug_line    0x00003f43      0x52e ..\obj\stm32f1xx_hal_gpio.o
 .debug_line    0x00004471       0x78 ..\obj\startup_stm32f103rbtx.o
 .debug_line    0x000044e9      0x450 ..\obj\basicFunctions.o
 .debug_line    0x00004939      0x291 ..\obj\stm32f1xx_hal_msp.o

.debug_str      0x00000000     0x1f0e
 .debug_str     0x00000000     0x1f0e ..\obj\stm32f1xx_hal.o
                                0x811 (size before relaxing)
 .debug_str     0x00001f0e      0x247 ..\obj\stm32f1xx_it.o
 .debug_str     0x00001f0e      0x8b6 ..\obj\stm32f1xx_hal_cortex.o
 .debug_str     0x00001f0e      0x22b ..\obj\system_stm32f1xx.o
 .debug_str     0x00001f0e      0x60e ..\obj\stm32f1xx_hal_rcc.o
 .debug_str     0x00001f0e      0xcd7 ..\obj\stm32f1xx_hal_uart.o
 .debug_str     0x00001f0e      0xb72 ..\obj\main.o
 .debug_str     0x00001f0e      0x3e3 ..\obj\stm32f1xx_hal_gpio.o
 .debug_str     0x00001f0e       0x97 ..\obj\startup_stm32f103rbtx.o
 .debug_str     0x00001f0e      0x3d1 ..\obj\basicFunctions.o
 .debug_str     0x00001f0e      0x687 ..\obj\stm32f1xx_hal_msp.o

.comment        0x00000000       0x45
 .comment       0x00000000       0x45 ..\obj\stm32f1xx_hal.o
                                 0x46 (size before relaxing)
 .comment       0x00000045       0x46 ..\obj\stm32f1xx_it.o
 .comment       0x00000045       0x46 ..\obj\stm32f1xx_hal_cortex.o
 .comment       0x00000045       0x46 ..\obj\system_stm32f1xx.o
 .comment       0x00000045       0x46 ..\obj\stm32f1xx_hal_rcc.o
 .comment       0x00000045       0x46 ..\obj\stm32f1xx_hal_uart.o
 .comment       0x00000045       0x46 ..\obj\main.o
 .comment       0x00000045       0x46 ..\obj\stm32f1xx_hal_gpio.o
 .comment       0x00000045       0x46 ..\obj\basicFunctions.o
 .comment       0x00000045       0x46 ..\obj\stm32f1xx_hal_msp.o

.debug_frame    0x00000000     0x1850
 .debug_frame   0x00000000      0x334 ..\obj\stm32f1xx_hal.o
 .debug_frame   0x00000334      0x120 ..\obj\stm32f1xx_it.o
 .debug_frame   0x00000454      0x428 ..\obj\stm32f1xx_hal_cortex.o
 .debug_frame   0x0000087c       0x58 ..\obj\system_stm32f1xx.o
 .debug_frame   0x000008d4      0x218 ..\obj\stm32f1xx_hal_rcc.o
 .debug_frame   0x00000aec      0x944 ..\obj\stm32f1xx_hal_uart.o
 .debug_frame   0x00001430       0xac ..\obj\main.o
 .debug_frame   0x000014dc      0x14c ..\obj\stm32f1xx_hal_gpio.o
 .debug_frame   0x00001628      0x1a8 ..\obj\basicFunctions.o
 .debug_frame   0x000017d0       0x80 ..\obj\stm32f1xx_hal_msp.o

.debug_line_str
                0x00000000       0x7b
 .debug_line_str
                0x00000000       0x7b ..\obj\startup_stm32f103rbtx.o
