Archive member included to satisfy reference by file (symbol)

C:/Users/danst/scoop/apps/gcc-arm-none-eabi/13.3.rel1/bin/../lib/gcc/arm-none-eabi/13.3.1/thumb/v7-m/nofp\libc.a(libc_a-exit.o)
                              C:/Users/danst/scoop/apps/gcc-arm-none-eabi/13.3.rel1/bin/../lib/gcc/arm-none-eabi/13.3.1/thumb/v7-m/nofp/crt0.o (exit)
C:/Users/danst/scoop/apps/gcc-arm-none-eabi/13.3.rel1/bin/../lib/gcc/arm-none-eabi/13.3.1/thumb/v7-m/nofp\libc.a(libc_a-findfp.o)
                              C:/Users/danst/scoop/apps/gcc-arm-none-eabi/13.3.rel1/bin/../lib/gcc/arm-none-eabi/13.3.1/thumb/v7-m/nofp\libc.a(libc_a-exit.o) (__stdio_exit_handler)
C:/Users/danst/scoop/apps/gcc-arm-none-eabi/13.3.rel1/bin/../lib/gcc/arm-none-eabi/13.3.1/thumb/v7-m/nofp\libc.a(libc_a-fwalk.o)
                              C:/Users/danst/scoop/apps/gcc-arm-none-eabi/13.3.rel1/bin/../lib/gcc/arm-none-eabi/13.3.1/thumb/v7-m/nofp\libc.a(libc_a-findfp.o) (_fwalk_sglue)
C:/Users/danst/scoop/apps/gcc-arm-none-eabi/13.3.rel1/bin/../lib/gcc/arm-none-eabi/13.3.1/thumb/v7-m/nofp\libc.a(libc_a-stdio.o)
                              C:/Users/danst/scoop/apps/gcc-arm-none-eabi/13.3.rel1/bin/../lib/gcc/arm-none-eabi/13.3.1/thumb/v7-m/nofp\libc.a(libc_a-findfp.o) (__sread)
C:/Users/danst/scoop/apps/gcc-arm-none-eabi/13.3.rel1/bin/../lib/gcc/arm-none-eabi/13.3.1/thumb/v7-m/nofp\libc.a(libc_a-memset.o)
                              C:/Users/danst/scoop/apps/gcc-arm-none-eabi/13.3.rel1/bin/../lib/gcc/arm-none-eabi/13.3.1/thumb/v7-m/nofp/crt0.o (memset)
C:/Users/danst/scoop/apps/gcc-arm-none-eabi/13.3.rel1/bin/../lib/gcc/arm-none-eabi/13.3.1/thumb/v7-m/nofp\libc.a(libc_a-closer.o)
                              C:/Users/danst/scoop/apps/gcc-arm-none-eabi/13.3.rel1/bin/../lib/gcc/arm-none-eabi/13.3.1/thumb/v7-m/nofp\libc.a(libc_a-stdio.o) (_close_r)
C:/Users/danst/scoop/apps/gcc-arm-none-eabi/13.3.rel1/bin/../lib/gcc/arm-none-eabi/13.3.1/thumb/v7-m/nofp\libc.a(libc_a-reent.o)
                              C:/Users/danst/scoop/apps/gcc-arm-none-eabi/13.3.rel1/bin/../lib/gcc/arm-none-eabi/13.3.1/thumb/v7-m/nofp\libc.a(libc_a-closer.o) (errno)
C:/Users/danst/scoop/apps/gcc-arm-none-eabi/13.3.rel1/bin/../lib/gcc/arm-none-eabi/13.3.1/thumb/v7-m/nofp\libc.a(libc_a-impure.o)
                              C:/Users/danst/scoop/apps/gcc-arm-none-eabi/13.3.rel1/bin/../lib/gcc/arm-none-eabi/13.3.1/thumb/v7-m/nofp\libc.a(libc_a-reent.o) (_impure_ptr)
C:/Users/danst/scoop/apps/gcc-arm-none-eabi/13.3.rel1/bin/../lib/gcc/arm-none-eabi/13.3.1/thumb/v7-m/nofp\libc.a(libc_a-lseekr.o)
                              C:/Users/danst/scoop/apps/gcc-arm-none-eabi/13.3.rel1/bin/../lib/gcc/arm-none-eabi/13.3.1/thumb/v7-m/nofp\libc.a(libc_a-stdio.o) (_lseek_r)
C:/Users/danst/scoop/apps/gcc-arm-none-eabi/13.3.rel1/bin/../lib/gcc/arm-none-eabi/13.3.1/thumb/v7-m/nofp\libc.a(libc_a-readr.o)
                              C:/Users/danst/scoop/apps/gcc-arm-none-eabi/13.3.rel1/bin/../lib/gcc/arm-none-eabi/13.3.1/thumb/v7-m/nofp\libc.a(libc_a-stdio.o) (_read_r)
C:/Users/danst/scoop/apps/gcc-arm-none-eabi/13.3.rel1/bin/../lib/gcc/arm-none-eabi/13.3.1/thumb/v7-m/nofp\libc.a(libc_a-writer.o)
                              C:/Users/danst/scoop/apps/gcc-arm-none-eabi/13.3.rel1/bin/../lib/gcc/arm-none-eabi/13.3.1/thumb/v7-m/nofp\libc.a(libc_a-stdio.o) (_write_r)
C:/Users/danst/scoop/apps/gcc-arm-none-eabi/13.3.rel1/bin/../lib/gcc/arm-none-eabi/13.3.1/thumb/v7-m/nofp\libc.a(libc_a-init.o)
                              C:/Users/danst/scoop/apps/gcc-arm-none-eabi/13.3.rel1/bin/../lib/gcc/arm-none-eabi/13.3.1/thumb/v7-m/nofp/crt0.o (__libc_init_array)
C:/Users/danst/scoop/apps/gcc-arm-none-eabi/13.3.rel1/bin/../lib/gcc/arm-none-eabi/13.3.1/thumb/v7-m/nofp\libc.a(libc_a-lock.o)
                              C:/Users/danst/scoop/apps/gcc-arm-none-eabi/13.3.rel1/bin/../lib/gcc/arm-none-eabi/13.3.1/thumb/v7-m/nofp\libc.a(libc_a-findfp.o) (__retarget_lock_init_recursive)
C:/Users/danst/scoop/apps/gcc-arm-none-eabi/13.3.rel1/bin/../lib/gcc/arm-none-eabi/13.3.1/thumb/v7-m/nofp\libc.a(libc_a-__call_atexit.o)
                              C:/Users/danst/scoop/apps/gcc-arm-none-eabi/13.3.rel1/bin/../lib/gcc/arm-none-eabi/13.3.1/thumb/v7-m/nofp\libc.a(libc_a-exit.o) (__call_exitprocs)
C:/Users/danst/scoop/apps/gcc-arm-none-eabi/13.3.rel1/bin/../lib/gcc/arm-none-eabi/13.3.1/thumb/v7-m/nofp\libc.a(libc_a-atexit.o)
                              C:/Users/danst/scoop/apps/gcc-arm-none-eabi/13.3.rel1/bin/../lib/gcc/arm-none-eabi/13.3.1/thumb/v7-m/nofp\libc.a(libc_a-__call_atexit.o) (atexit)
C:/Users/danst/scoop/apps/gcc-arm-none-eabi/13.3.rel1/bin/../lib/gcc/arm-none-eabi/13.3.1/thumb/v7-m/nofp\libc.a(libc_a-freer.o)
                              C:/Users/danst/scoop/apps/gcc-arm-none-eabi/13.3.rel1/bin/../lib/gcc/arm-none-eabi/13.3.1/thumb/v7-m/nofp\libc.a(libc_a-reent.o) (_free_r)
C:/Users/danst/scoop/apps/gcc-arm-none-eabi/13.3.rel1/bin/../lib/gcc/arm-none-eabi/13.3.1/thumb/v7-m/nofp\libc.a(libc_a-mallocr.o)
[...]
Memory Configuration

Name             Origin             Length             Attributes
RAM              0x20000000         0x00005000         xrw
FLASH            0x08000000         0x00020000         xr
*default*        0x00000000         0xffffffff

Linker script and memory map

LOAD C:/Users/danst/scoop/apps/gcc-arm-none-eabi/13.3.rel1/bin/../lib/gcc/arm-none-eabi/13.3.1/thumb/v7-m/nofp/crti.o
LOAD C:/Users/danst/scoop/apps/gcc-arm-none-eabi/13.3.rel1/bin/../lib/gcc/arm-none-eabi/13.3.1/thumb/v7-m/nofp/crtbegin.o
LOAD C:/Users/danst/scoop/apps/gcc-arm-none-eabi/13.3.rel1/bin/../lib/gcc/arm-none-eabi/13.3.1/thumb/v7-m/nofp/crt0.o
                0x20005000                        _estack = (ORIGIN (RAM) + LENGTH (RAM))
                0x00000200                        _Min_Heap_Size = 0x200
                0x00000400                        _Min_Stack_Size = 0x400

.isr_vector     0x08000000      0x10c
                0x08000000                        . = ALIGN (0x4)
 *(.isr_vector)
 .isr_vector    0x08000000      0x10c ..\obj\startup_stm32f103rbtx.o
                0x08000000                g_pfnVectors
                0x0800010c                        . = ALIGN (0x4)

.text           0x0800010c     0x3290
                0x0800010c                        . = ALIGN (0x4)
 *(.text)
 *(.text*)
 .text.deregister_tm_clones
                0x0800010c       0x1c C:/Users/danst/scoop/apps/gcc-arm-none-eabi/13.3.rel1/bin/../lib/gcc/arm-none-eabi/13.3.1/thumb/v7-m/nofp/crtbegin.o
 .text.register_tm_clones
                0x08000128       0x24 C:/Users/danst/scoop/apps/gcc-arm-none-eabi/13.3.rel1/bin/../lib/gcc/arm-none-eabi/13.3.1/thumb/v7-m/nofp/crtbegin.o
 .text.__do_global_dtors_aux
                0x0800014c       0x28 C:/Users/danst/scoop/apps/gcc-arm-none-eabi/13.3.rel1/bin/../lib/gcc/arm-none-eabi/13.3.1/thumb/v7-m/nofp/crtbegin.o
 .text.frame_dummy
                0x08000174       0x24 C:/Users/danst/scoop/apps/gcc-arm-none-eabi/13.3.rel1/bin/../lib/gcc/arm-none-eabi/13.3.1/thumb/v7-m/nofp/crtbegin.o
 .text.__libc_init_array
                0x08000198       0x50 C:/Users/danst/scoop/apps/gcc-arm-none-eabi/13.3.rel1/bin/../lib/gcc/arm-none-eabi/13.3.1/thumb/v7-m/nofp\libc.a(libc_a-init.o)
                0x08000198                __libc_init_array
 .text.__retarget_lock_acquire_recursive
                0x080001e8        0x4 C:/Users/danst/scoop/apps/gcc-arm-none-eabi/13.3.rel1/bin/../lib/gcc/arm-none-eabi/13.3.1/thumb/v7-m/nofp\libc.a(libc_a-lock.o)
                0x080001e8                __retarget_lock_acquire_recursive
 .text.__retarget_lock_release_recursive
                0x080001ec        0x4 C:/Users/danst/scoop/apps/gcc-arm-none-eabi/13.3.rel1/bin/../lib/gcc/arm-none-eabi/13.3.1/thumb/v7-m/nofp\libc.a(libc_a-lock.o)
                0x080001ec                __retarget_lock_release_recursive
 .text.startup.register_fini
                0x080001f0       0x14 C:/Users/danst/scoop/apps/gcc-arm-none-eabi/13.3.rel1/bin/../lib/gcc/arm-none-eabi/13.3.1/thumb/v7-m/nofp\libc.a(libc_a-__call_atexit.o)
 .text.atexit   0x08000204        0xc C:/Users/danst/scoop/apps/gcc-arm-none-eabi/13.3.rel1/bin/../lib/gcc/arm-none-eabi/13.3.1/thumb/v7-m/nofp\libc.a(libc_a-atexit.o)
                0x08000204                atexit
 .text._malloc_trim_r
                0x08000210       0xb8 C:/Users/danst/scoop/apps/gcc-arm-none-eabi/13.3.rel1/bin/../lib/gcc/arm-none-eabi/13.3.1/thumb/v7-m/nofp\libc.a(libc_a-freer.o)
                0x08000210                _malloc_trim_r
 .text._free_r  0x080002c8      0x1f8 C:/Users/danst/scoop/apps/gcc-arm-none-eabi/13.3.rel1/bin/../lib/gcc/arm-none-eabi/13.3.1/thumb/v7-m/nofp\libc.a(libc_a-freer.o)
                0x080002c8                _free_r
 .text._malloc_r
                0x080004c0      0x568 C:/Users/danst/scoop/apps/gcc-arm-none-eabi/13.3.rel1/bin/../lib/gcc/arm-none-eabi/13.3.1/thumb/v7-m/nofp\libc.a(libc_a-mallocr.o)
                0x080004c0                _malloc_r
 .text.__malloc_lock
                0x08000a28        0xc C:/Users/danst/scoop/apps/gcc-arm-none-eabi/13.3.rel1/bin/../lib/gcc/arm-none-eabi/13.3.1/thumb/v7-m/nofp\libc.a(libc_a-mlock.o)
                0x08000a28                __malloc_lock
 .text.__malloc_unlock
                0x08000a34        0xc C:/Users/danst/scoop/apps/gcc-arm-none-eabi/13.3.rel1/bin/../lib/gcc/arm-none-eabi/13.3.1/thumb/v7-m/nofp\libc.a(libc_a-mlock.o)
                0x08000a34                __malloc_unlock
 .text._sbrk_r  0x08000a40       0x24 C:/Users/danst/scoop/apps/gcc-arm-none-eabi/13.3.rel1/bin/../lib/gcc/arm-none-eabi/13.3.1/thumb/v7-m/nofp\libc.a(libc_a-sbrkr.o)
                0x08000a40                _sbrk_r
 .text.__libc_fini_array
                0x08000a64       0x28 C:/Users/danst/scoop/apps/gcc-arm-none-eabi/13.3.rel1/bin/../lib/gcc/arm-none-eabi/13.3.1/thumb/v7-m/nofp\libc.a(libc_a-fini.o)
                0x08000a64                __libc_fini_array
 .text.sysconf  0x08000a8c       0x1c C:/Users/danst/scoop/apps/gcc-arm-none-eabi/13.3.rel1/bin/../lib/gcc/arm-none-eabi/13.3.1/thumb/v7-m/nofp\libc.a(libc_a-sysconf.o)
                0x08000a8c                sysconf
 .text.__register_exitproc
                0x08000aa8       0x80 C:/Users/danst/scoop/apps/gcc-arm-none-eabi/13.3.rel1/bin/../lib/gcc/arm-none-eabi/13.3.1/thumb/v7-m/nofp\libc.a(libc_a-__atexit.o)
                0x08000aa8                __register_exitproc
 .text.__errno  0x08000b28        0xc C:/Users/danst/scoop/apps/gcc-arm-none-eabi/13.3.rel1/bin/../lib/gcc/arm-none-eabi/13.3.1/thumb/v7-m/nofp\libc.a(libc_a-errno.o)
                0x08000b28                __errno
 .text._sbrk    0x08000b34       0x48 ..\obj\sysmem.o
                0x08000b34                _sbrk
 .text.HAL_MspDeInit
                0x08000b7c        0x4 ..\obj\stm32f1xx_hal.o
                0x08000b7c                HAL_MspDeInit
 .text.HAL_DeInit
                0x08000b80       0x20 ..\obj\stm32f1xx_hal.o
                0x08000b80                HAL_DeInit
 .text.HAL_InitTick
                0x08000ba0       0x44 ..\obj\stm32f1xx_hal.o
                0x08000ba0                HAL_InitTick
 .text.HAL_Init
                0x08000be4       0x24 ..\obj\stm32f1xx_hal.o
                0x08000be4                HAL_Init
 .text.HAL_IncTick
                0x08000c08       0x18 ..\obj\stm32f1xx_hal.o
                0x08000c08                HAL_IncTick
 .text.HAL_GetTick
                0x08000c20        0xc ..\obj\stm32f1xx_hal.o
                0x08000c20                HAL_GetTick
 .text.HAL_Delay
                0x08000c2c       0x24 ..\obj\stm32f1xx_hal.o
                0x08000c2c                HAL_Delay
 .text.NMI_Handler
                0x08000c50        0x4 ..\obj\stm32f1xx_it.o
                0x08000c50                NMI_Handler
 .text.HardFault_Handler
                0x08000c54        0x4 ..\obj\stm32f1xx_it.o
                0x08000c54                HardFault_Handler
 .text.MemManage_Handler
                0x08000c58        0x4 ..\obj\stm32f1xx_it.o
                0x08000c58                MemManage_Handler
 .text.BusFault_Handler
                0x08000c5c        0x4 ..\obj\stm32f1xx_it.o
                0x08000c5c                BusFault_Handler
 .text.UsageFault_Handler
                0x08000c60        0x4 ..\obj\stm32f1xx_it.o
                0x08000c60                UsageFault_Handler
 .text.SVC_Handler
                0x08000c64        0x4 ..\obj\stm32f1xx_it.o
                0x08000c64                SVC_Handler
 .text.DebugMon_Handler
                0x08000c68        0x4 ..\obj\stm32f1xx_it.o
                0x08000c68                DebugMon_Handler
 .text.PendSV_Handler
                0x08000c6c        0x4 ..\obj\stm32f1xx_it.o
                0x08000c6c                PendSV_Handler
 .text.SysTick_Handler
                0x08000c70        0x4 ..\obj\stm32f1xx_it.o
                0x08000c70                SysTick_Handler
 .text.EXTI15_10_IRQHandler
                0x08000c74        0x8 ..\obj\stm32f1xx_it.o
                0x08000c74                EXTI15_10_IRQHandler
 .text.HAL_NVIC_SetPriorityGrouping
                0x08000c7c       0x24 ..\obj\stm32f1xx_hal_cortex.o
                0x08000c7c                HAL_NVIC_SetPriorityGrouping
 .text.HAL_NVIC_SetPriority
                0x08000ca0       0x78 ..\obj\stm32f1xx_hal_cortex.o
                0x08000ca0                HAL_NVIC_SetPriority
 .text.HAL_NVIC_EnableIRQ
                0x08000d18       0x1c ..\obj\stm32f1xx_hal_cortex.o
                0x08000d18                HAL_NVIC_EnableIRQ
 .text.HAL_SYSTICK_Config
                0x08000d34       0x30 ..\obj\stm32f1xx_hal_cortex.o
                0x08000d34                HAL_SYSTICK_Config
 .text.SystemInit
                0x08000d64        0x4 ..\obj\system_stm32f1xx.o
                0x08000d64                SystemInit
 .text.HAL_RCC_OscConfig
                0x08000d68      0x3dc ..\obj\stm32f1xx_hal_rcc.o
                0x08000d68                HAL_RCC_OscConfig
 .text.HAL_RCC_ClockConfig
                0x08001144      0x180 ..\obj\stm32f1xx_hal_rcc.o
                0x08001144                HAL_RCC_ClockConfig
 .text.HAL_RCC_MCOConfig
                0x080012c4       0x4c ..\obj\stm32f1xx_hal_rcc.o
                0x080012c4                HAL_RCC_MCOConfig
 .text.HAL_RCC_GetPCLK1Freq
                0x08001310       0x20 ..\obj\stm32f1xx_hal_rcc.o
                0x08001310                HAL_RCC_GetPCLK1Freq
 .text.HAL_RCC_GetPCLK2Freq
                0x08001330       0x20 ..\obj\stm32f1xx_hal_rcc.o
                0x08001330                HAL_RCC_GetPCLK2Freq
 .text.InitUSB  0x08001350       0x4c ..\obj\serialImageTransmittion.o
                0x08001350                InitUSB
 .text.defineLCDDrawArea
                0x0800139c       0x40 ..\obj\serialImageTransmittion.o
                0x0800139c                defineLCDDrawArea
 .text.transmitReadyMessage
                0x080013dc       0x20 ..\obj\serialImageTransmittion.o
                0x080013dc                transmitReadyMessage
 .text.drawIncomingImage
                0x080013fc       0x5c ..\obj\serialImageTransmittion.o
                0x080013fc                drawIncomingImage
 .text.HAL_UART_Init
                0x08001458       0xdc ..\obj\stm32f1xx_hal_uart.o
                0x08001458                HAL_UART_Init
 .text.HAL_UART_Transmit
                0x08001534      0x108 ..\obj\stm32f1xx_hal_uart.o
                0x08001534                HAL_UART_Transmit
 .text.HAL_UART_Receive
                0x0800163c      0x1bc ..\obj\stm32f1xx_hal_uart.o
                0x0800163c                HAL_UART_Receive
 .text.SystemClock_Config
                0x080017f8       0x70 ..\obj\main.o
                0x080017f8                SystemClock_Config
 .text.startup.main
                0x08001868      0x13c ..\obj\main.o
                0x08001868                main
 .text.Error_Handler
                0x080019a4        0x4 ..\obj\main.o
                0x080019a4                Error_Handler
 .text.HAL_GPIO_Init
                0x080019a8      0x40c ..\obj\stm32f1xx_hal_gpio.o
                0x080019a8                HAL_GPIO_Init
 .text.HAL_GPIO_ReadPin
                0x08001db4        0xc ..\obj\stm32f1xx_hal_gpio.o
                0x08001db4                HAL_GPIO_ReadPin
 .text.HAL_GPIO_WritePin
                0x08001dc0        0x8 ..\obj\stm32f1xx_hal_gpio.o
                0x08001dc0                HAL_GPIO_WritePin
 .text.HAL_GPIO_TogglePin
                0x08001dc8       0x14 ..\obj\stm32f1xx_hal_gpio.o
                0x08001dc8                HAL_GPIO_TogglePin
 .text.HAL_GPIO_EXTI_Callback
                0x08001ddc        0x4 ..\obj\stm32f1xx_hal_gpio.o
                0x08001ddc                HAL_GPIO_EXTI_Callback
 .text.HAL_GPIO_EXTI_IRQHandler
                0x08001de0       0x18 ..\obj\stm32f1xx_hal_gpio.o
                0x08001de0                HAL_GPIO_EXTI_IRQHandler
 .text.Reset_Handler
                0x08001df8       0x48 ..\obj\startup_stm32f103rbtx.o
                0x08001df8                Reset_Handler
 .text.Default_Handler
                0x08001e40        0x2 ..\obj\startup_stm32f103rbtx.o
                0x08001e40                RTC_Alarm_IRQHandler
                0x08001e40                EXTI2_IRQHandler
                0x08001e40                TIM1_CC_IRQHandler
                0x08001e40                PVD_IRQHandler
                0x08001e40                EXTI3_IRQHandler
                0x08001e40                EXTI0_IRQHandler
                0x08001e40                I2C2_EV_IRQHandler
                0x08001e40                ADC1_2_IRQHandler
                0x08001e40                SPI1_IRQHandler
                0x08001e40                TAMPER_IRQHandler
                0x08001e40                DMA1_Channel4_IRQHandler
                0x08001e40                USART3_IRQHandler
                0x08001e40                RTC_IRQHandler
                0x08001e40                DMA1_Channel7_IRQHandler
                0x08001e40                CAN1_RX1_IRQHandler
                0x08001e40                TIM4_IRQHandler
                0x08001e40                I2C1_EV_IRQHandler
                0x08001e40                DMA1_Channel6_IRQHandler
                0x08001e40                TIM3_IRQHandler
                0x08001e40                RCC_IRQHandler
                0x08001e40                TIM1_TRG_COM_IRQHandler
                0x08001e40                DMA1_Channel1_IRQHandler
                0x08001e40                Default_Handler
                0x08001e40                EXTI9_5_IRQHandler
                0x08001e40                SPI2_IRQHandler
                0x08001e40                DMA1_Channel5_IRQHandler
                0x08001e40                EXTI4_IRQHandler
                0x08001e40                USB_LP_CAN1_RX0_IRQHandler
                0x08001e40                USB_HP_CAN1_TX_IRQHandler
                0x08001e40                DMA1_Channel3_IRQHandler
                0x08001e40                TIM1_UP_IRQHandler
                0x08001e40                WWDG_IRQHandler
                0x08001e40                TIM2_IRQHandler
                0x08001e40                TIM1_BRK_IRQHandler
                0x08001e40                EXTI1_IRQHandler
                0x08001e40                USART2_IRQHandler
                0x08001e40                I2C2_ER_IRQHandler
                0x08001e40                DMA1_Channel2_IRQHandler
                0x08001e40                CAN1_SCE_IRQHandler
                0x08001e40                FLASH_IRQHandler
                0x08001e40                USART1_IRQHandler
                0x08001e40                I2C1_ER_IRQHandler
                0x08001e40                USBWakeUp_IRQHandler
 *fill*         0x08001e42        0x2 
 .text.write8   0x08001e44       0x7c ..\obj\basicFunctions.o
                0x08001e44                write8
 .text.StopIfBlueButtonWasPressed
                0x08001ec0       0xf8 ..\obj\basicFunctions.o
                0x08001ec0                StopIfBlueButtonWasPressed
 .text.CommandLCD
                0x08001fb8       0x50 ..\obj\basicFunctions.o
                0x08001fb8                CommandLCD
 .text.Write8ToLCD
                0x08002008       0x50 ..\obj\basicFunctions.o
                0x08002008                Write8ToLCD
 .text.Write16ToLCD
                0x08002058       0x6c ..\obj\basicFunctions.o
                0x08002058                Write16ToLCD
 .text.initLCD  0x080020c4     0x1098 ..\obj\basicFunctions.o
                0x080020c4                initLCD
 .text.fillRect
                0x0800315c      0x16c ..\obj\basicFunctions.o
                0x0800315c                fillRect
 .text.HAL_MspInit
                0x080032c8       0x44 ..\obj\stm32f1xx_hal_msp.o
                0x080032c8                HAL_MspInit
 .text.HAL_UART_MspInit
                0x0800330c       0x68 ..\obj\stm32f1xx_hal_msp.o
                0x0800330c                HAL_UART_MspInit
 .text.malloc   0x08003374       0x10 C:/Users/danst/scoop/apps/gcc-arm-none-eabi/13.3.rel1/bin/../lib/gcc/arm-none-eabi/13.3.1/thumb/v7-m/nofp\libg.a(libc_a-malloc.o)
                0x08003374                malloc
 *(.glue_7)
 .glue_7        0x08003384        0x0 linker stubs
 *(.glue_7t)
 .glue_7t       0x08003384        0x0 linker stubs
 *(.eh_frame)
 .eh_frame      0x08003384        0x0 C:/Users/danst/scoop/apps/gcc-arm-none-eabi/13.3.rel1/bin/../lib/gcc/arm-none-eabi/13.3.1/thumb/v7-m/nofp/crtbegin.o
 *(.init)
 .init          0x08003384        0x4 C:/Users/danst/scoop/apps/gcc-arm-none-eabi/13.3.rel1/bin/../lib/gcc/arm-none-eabi/13.3.1/thumb/v7-m/nofp/crti.o
                0x08003384                _init
 .init          0x08003388        0x8 C:/Users/danst/scoop/apps/gcc-arm-none-eabi/13.3.rel1/bin/../lib/gcc/arm-none-eabi/13.3.1/thumb/v7-m/nofp/crtn.o
 *(.fini)
 .fini          0x08003390        0x4 C:/Users/danst/scoop/apps/gcc-arm-none-eabi/13.3.rel1/bin/../lib/gcc/arm-none-eabi/13.3.1/thumb/v7-m/nofp/crti.o
                0x08003390                _fini
 .fini          0x08003394        0x8 C:/Users/danst/scoop/apps/gcc-arm-none-eabi/13.3.rel1/bin/../lib/gcc/arm-none-eabi/13.3.1/thumb/v7-m/nofp/crtn.o
                0x0800339c                        . = ALIGN (0x4)
                0x0800339c                        _etext = .

.vfp11_veneer   0x0800339c        0x0
 .vfp11_veneer  0x0800339c        0x0 linker stubs

.v4_bx          0x0800339c        0x0
 .v4_bx         0x0800339c        0x0 linker stubs

.iplt           0x0800339c        0x0
 .iplt          0x0800339c        0x0 C:/Users/danst/scoop/apps/gcc-arm-none-eabi/13.3.rel1/bin/../lib/gcc/arm-none-eabi/13.3.1/thumb/v7-m/nofp/crtbegin.o

.rodata         0x0800339c       0x34
                0x0800339c                        . = ALIGN (0x4)
 *(.rodata)
 .rodata        0x0800339c       0x18 ..\obj\system_stm32f1xx.o
                0x0800339c                AHBPrescTable
                0x080033ac                APBPrescTable
 .rodata        0x080033b4       0x12 ..\obj\stm32f1xx_hal_rcc.o
 *(.rodata*)
 *fill*         0x080033c6        0x2 
 .rodata.str1.4
                0x080033c8        0x6 ..\obj\serialImageTransmittion.o
                0x080033d0                        . = ALIGN (0x4)
 *fill*         0x080033ce        0x2 

.ARM.extab      0x080033d0        0x0
                0x080033d0                        . = ALIGN (0x4)
 *(.ARM.extab* .gnu.linkonce.armextab.*)
                0x080033d0                        . = ALIGN (0x4)

.ARM            0x080033d0        0x0
                0x080033d0                        . = ALIGN (0x4)
                0x080033d0                        __exidx_start = .
 *(.ARM.exidx*)
                0x080033d0                        __exidx_end = .
                0x080033d0                        . = ALIGN (0x4)

.preinit_array  0x080033d0        0x0
                0x080033d0                        . = ALIGN (0x4)
                0x080033d0                        PROVIDE (__preinit_array_start = .)
 *(.preinit_array*)
                0x080033d0                        PROVIDE (__preinit_array_end = .)
                0x080033d0                        . = ALIGN (0x4)

.init_array     0x080033d0        0x8
                0x080033d0                        . = ALIGN (0x4)
                0x080033d0                        PROVIDE (__init_array_start = .)
 *(SORT_BY_NAME(.init_array.*))
 .init_array.00000
                0x080033d0        0x4 C:/Users/danst/scoop/apps/gcc-arm-none-eabi/13.3.rel1/bin/../lib/gcc/arm-none-eabi/13.3.1/thumb/v7-m/nofp\libc.a(libc_a-__call_atexit.o)
 *(.init_array*)
 .init_array    0x080033d4        0x4 C:/Users/danst/scoop/apps/gcc-arm-none-eabi/13.3.rel1/bin/../lib/gcc/arm-none-eabi/13.3.1/thumb/v7-m/nofp/crtbegin.o
                0x080033d8                        PROVIDE (__init_array_end = .)
                0x080033d8                        . = ALIGN (0x4)

.fini_array     0x080033d8        0x4
                0x080033d8                        . = ALIGN (0x4)
                0x080033d8                        PROVIDE (__fini_array_start = .)
 *(SORT_BY_NAME(.fini_array.*))
 *(.fini_array*)
 .fini_array    0x080033d8        0x4 C:/Users/danst/scoop/apps/gcc-arm-none-eabi/13.3.rel1/bin/../lib/gcc/arm-none-eabi/13.3.1/thumb/v7-m/nofp/crtbegin.o
                0x080033dc                        PROVIDE (__fini_array_end = .)
                0x080033dc                        . = ALIGN (0x4)
                0x080033dc                        _sidata = LOADADDR (.data)

.rel.dyn        0x080033dc        0x0
 .rel.iplt      0x080033dc        0x0 C:/Users/danst/scoop/apps/gcc-arm-none-eabi/13.3.rel1/bin/../lib/gcc/arm-none-eabi/13.3.1/thumb/v7-m/nofp/crtbegin.o

.data           0x20000000      0x568 load address 0x080033dc
                0x20000000                        . = ALIGN (0x4)
                0x20000000                        _sdata = .
 *(.data)
 .data          0x20000000        0x8 ..\obj\stm32f1xx_hal.o
                0x20000000                uwTickFreq
                0x20000004                uwTickPrio
 .data          0x20000008        0x4 ..\obj\system_stm32f1xx.o
                0x20000008                SystemCoreClock
 *(.data*)
 .data._impure_ptr
                0x2000000c        0x4 C:/Users/danst/scoop/apps/gcc-arm-none-eabi/13.3.rel1/bin/../lib/gcc/arm-none-eabi/13.3.1/thumb/v7-m/nofp\libc.a(libc_a-impure.o)
                0x2000000c                _impure_ptr
 .data._impure_data
                0x20000010      0x140 C:/Users/danst/scoop/apps/gcc-arm-none-eabi/13.3.rel1/bin/../lib/gcc/arm-none-eabi/13.3.1/thumb/v7-m/nofp\libc.a(libc_a-impure.o)
                0x20000010                _impure_data
 .data.__atexit_recursive_mutex
                0x20000150        0x4 C:/Users/danst/scoop/apps/gcc-arm-none-eabi/13.3.rel1/bin/../lib/gcc/arm-none-eabi/13.3.1/thumb/v7-m/nofp\libc.a(libc_a-__call_atexit.o)
                0x20000150                __atexit_recursive_mutex
 .data.__malloc_sbrk_base
                0x20000154        0x4 C:/Users/danst/scoop/apps/gcc-arm-none-eabi/13.3.rel1/bin/../lib/gcc/arm-none-eabi/13.3.1/thumb/v7-m/nofp\libc.a(libc_a-mallocr.o)
                0x20000154                __malloc_sbrk_base
 .data.__malloc_trim_threshold
                0x20000158        0x4 C:/Users/danst/scoop/apps/gcc-arm-none-eabi/13.3.rel1/bin/../lib/gcc/arm-none-eabi/13.3.1/thumb/v7-m/nofp\libc.a(libc_a-mallocr.o)
                0x20000158                __malloc_trim_threshold
 *fill*         0x2000015c        0x4 
 .data.__malloc_av_
                0x20000160      0x408 C:/Users/danst/scoop/apps/gcc-arm-none-eabi/13.3.rel1/bin/../lib/gcc/arm-none-eabi/13.3.1/thumb/v7-m/nofp\libc.a(libc_a-mallocr.o)
                0x20000160                __malloc_av_
 *(.RamFunc)
 *(.RamFunc*)
                0x20000568                        . = ALIGN (0x4)
                0x20000568                        _edata = .

.tm_clone_table
                0x20000568        0x0 load address 0x08003944
 .tm_clone_table
                0x20000568        0x0 C:/Users/danst/scoop/apps/gcc-arm-none-eabi/13.3.rel1/bin/../lib/gcc/arm-none-eabi/13.3.1/thumb/v7-m/nofp/crtbegin.o
 .tm_clone_table
                0x20000568        0x0 C:/Users/danst/scoop/apps/gcc-arm-none-eabi/13.3.rel1/bin/../lib/gcc/arm-none-eabi/13.3.1/thumb/v7-m/nofp/crtend.o

.igot.plt       0x20000568        0x0 load address 0x08003944
 .igot.plt      0x20000568        0x0 C:/Users/danst/scoop/apps/gcc-arm-none-eabi/13.3.rel1/bin/../lib/gcc/arm-none-eabi/13.3.1/thumb/v7-m/nofp/crtbegin.o
                0x20000568                        . = ALIGN (0x4)

.bss            0x20000568      0x388 load address 0x08003944
                0x20000568                        _sbss = .
                0x20000568                        __bss_start__ = _sbss
 *(.bss)
 .bss           0x20000568        0x4 ..\obj\sysmem.o
 .bss           0x2000056c        0x4 ..\obj\stm32f1xx_hal.o
                0x2000056c                uwTick
 .bss           0x20000570       0x58 ..\obj\serialImageTransmittion.o
                0x20000570                rx_buffer
                0x20000578                huart2
                0x200005c0                transferState
                0x200005c4                pixelPosition
 *(.bss*)
 .bss.completed.1
                0x200005c8        0x1 C:/Users/danst/scoop/apps/gcc-arm-none-eabi/13.3.rel1/bin/../lib/gcc/arm-none-eabi/13.3.1/thumb/v7-m/nofp/crtbegin.o
 *fill*         0x200005c9        0x3 
 .bss.object.0  0x200005cc       0x18 C:/Users/danst/scoop/apps/gcc-arm-none-eabi/13.3.rel1/bin/../lib/gcc/arm-none-eabi/13.3.1/thumb/v7-m/nofp/crtbegin.o
 .bss.__sf      0x200005e4      0x138 C:/Users/danst/scoop/apps/gcc-arm-none-eabi/13.3.rel1/bin/../lib/gcc/arm-none-eabi/13.3.1/thumb/v7-m/nofp\libc.a(libc_a-findfp.o)
                0x200005e4                __sf
 .bss.errno     0x2000071c        0x4 C:/Users/danst/scoop/apps/gcc-arm-none-eabi/13.3.rel1/bin/../lib/gcc/arm-none-eabi/13.3.1/thumb/v7-m/nofp\libc.a(libc_a-reent.o)
                0x2000071c                errno
 .bss.__lock___malloc_recursive_mutex
                0x20000720        0x1 C:/Users/danst/scoop/apps/gcc-arm-none-eabi/13.3.rel1/bin/../lib/gcc/arm-none-eabi/13.3.1/thumb/v7-m/nofp\libc.a(libc_a-lock.o)
                0x20000720                __lock___malloc_recursive_mutex
 *fill*         0x20000721        0x3 
 .bss.__lock___atexit_recursive_mutex
                0x20000724        0x1 C:/Users/danst/scoop/apps/gcc-arm-none-eabi/13.3.rel1/bin/../lib/gcc/arm-none-eabi/13.3.1/thumb/v7-m/nofp\libc.a(libc_a-lock.o)
                0x20000724                __lock___atexit_recursive_mutex
 *fill*         0x20000725        0x3 
 .bss.__atexit  0x20000728        0x4 C:/Users/danst/scoop/apps/gcc-arm-none-eabi/13.3.rel1/bin/../lib/gcc/arm-none-eabi/13.3.1/thumb/v7-m/nofp\libc.a(libc_a-__call_atexit.o)
                0x20000728                __atexit
 .bss.__malloc_current_mallinfo
                0x2000072c       0x28 C:/Users/danst/scoop/apps/gcc-arm-none-eabi/13.3.rel1/bin/../lib/gcc/arm-none-eabi/13.3.1/thumb/v7-m/nofp\libc.a(libc_a-mallocr.o)
                0x2000072c                __malloc_current_mallinfo
 .bss.__malloc_max_total_mem
                0x20000754        0x4 C:/Users/danst/scoop/apps/gcc-arm-none-eabi/13.3.rel1/bin/../lib/gcc/arm-none-eabi/13.3.1/thumb/v7-m/nofp\libc.a(libc_a-mallocr.o)
                0x20000754                __malloc_max_total_mem
 .bss.__malloc_max_sbrked_mem
                0x20000758        0x4 C:/Users/danst/scoop/apps/gcc-arm-none-eabi/13.3.rel1/bin/../lib/gcc/arm-none-eabi/13.3.1/thumb/v7-m/nofp\libc.a(libc_a-mallocr.o)
                0x20000758                __malloc_max_sbrked_mem
 .bss.__malloc_top_pad
                0x2000075c        0x4 C:/Users/danst/scoop/apps/gcc-arm-none-eabi/13.3.rel1/bin/../lib/gcc/arm-none-eabi/13.3.1/thumb/v7-m/nofp\libc.a(libc_a-mallocr.o)
                0x2000075c                __malloc_top_pad
 .bss.__atexit0
                0x20000760      0x190 C:/Users/danst/scoop/apps/gcc-arm-none-eabi/13.3.rel1/bin/../lib/gcc/arm-none-eabi/13.3.1/thumb/v7-m/nofp\libc.a(libc_a-__atexit.o)
                0x20000760                __atexit0
 *(COMMON)
                0x200008f0                        . = ALIGN (0x4)
                0x200008f0                        _ebss = .
                0x200008f0                        __bss_end__ = _ebss

._user_heap_stack
                0x200008f0      0x600 load address 0x08003944
                0x200008f0                        . = ALIGN (0x8)
                [!provide]                        PROVIDE (end = .)
                0x200008f0                        PROVIDE (_end = .)
                0x20000af0                        . = (. + _Min_Heap_Size)
 *fill*         0x200008f0      0x200 
                0x20000ef0                        . = (. + _Min_Stack_Size)
 *fill*         0x20000af0      0x400 
                0x20000ef0                        . = ALIGN (0x8)

/DISCARD/
 libc.a(*)
 libm.a(*)
 libgcc.a(*)

.ARM.attributes
                0x00000000       0x29
 *(.ARM.attributes)
 .ARM.attributes
                0x00000000       0x1d C:/Users/danst/scoop/apps/gcc-arm-none-eabi/13.3.rel1/bin/../lib/gcc/arm-none-eabi/13.3.1/thumb/v7-m/nofp/crti.o
 .ARM.attributes
                0x0000001d       0x2d C:/Users/danst/scoop/apps/gcc-arm-none-eabi/13.3.rel1/bin/../lib/gcc/arm-none-eabi/13.3.1/thumb/v7-m/nofp/crtbegin.o
 .ARM.attributes
                0x0000004a       0x2d ..\obj\sysmem.o
 .ARM.attributes
                0x00000077       0x2d ..\obj\stm32f1xx_hal.o
 .ARM.attributes
                0x000000a4       0x2d ..\obj\stm32f1xx_it.o
 .ARM.attributes
                0x000000d1       0x2d ..\obj\stm32f1xx_hal_cortex.o
 .ARM.attributes
                0x000000fe       0x2d ..\obj\system_stm32f1xx.o
 .ARM.attributes
                0x0000012b       0x2d ..\obj\stm32f1xx_hal_rcc.o
 .ARM.attributes
                0x00000158       0x2d ..\obj\serialImageTransmittion.o
 .ARM.attributes
                0x00000185       0x2d ..\obj\stm32f1xx_hal_uart.o
 .ARM.attributes
                0x000001b2       0x2d ..\obj\main.o
 .ARM.attributes
                0x000001df       0x2d ..\obj\stm32f1xx_hal_gpio.o
 .ARM.attributes
                0x0000020c       0x21 ..\obj\startup_stm32f103rbtx.o
 .ARM.attributes
                0x0000022d       0x2d ..\obj\basicFunctions.o
 .ARM.attributes
                0x0000025a       0x2d ..\obj\stm32f1xx_hal_msp.o
 .ARM.attributes
                0x00000287       0x2d C:/Users/danst/scoop/apps/gcc-arm-none-eabi/13.3.rel1/bin/../lib/gcc/arm-none-eabi/13.3.1/thumb/v7-m/nofp\libg.a(libc_a-malloc.o)
 .ARM.attributes
                0x000002b4       0x2d C:/Users/danst/scoop/apps/gcc-arm-none-eabi/13.3.rel1/bin/../lib/gcc/arm-none-eabi/13.3.1/thumb/v7-m/nofp/crtend.o
 .ARM.attributes
                0x000002e1       0x1d C:/Users/danst/scoop/apps/gcc-arm-none-eabi/13.3.rel1/bin/../lib/gcc/arm-none-eabi/13.3.1/thumb/v7-m/nofp/crtn.o
LOAD ..\obj\stm32f1xx_hal_rcc_ex.o
LOAD ..\obj\stm32f1xx_hal_pwr.o
LOAD ..\obj\sysmem.o
LOAD ..\obj\stm32f1xx_hal.o
LOAD ..\obj\stm32f1xx_it.o
LOAD ..\obj\stm32f1xx_hal_gpio_ex.o
LOAD ..\obj\stm32f1xx_hal_cortex.o
LOAD ..\obj\system_stm32f1xx.o
LOAD ..\obj\stm32f1xx_hal_rcc.o
LOAD ..\obj\serialImageTransmittion.o
LOAD ..\obj\stm32f1xx_hal_uart.o
LOAD ..\obj\main.o
LOAD ..\obj\stm32f1xx_hal_flash.o
LOAD ..\obj\stm32f1xx_hal_gpio.o
LOAD ..\obj\stm32f1xx_hal_dma.o
LOAD ..\obj\startup_stm32f103rbtx.o
LOAD ..\obj\basicFunctions.o
LOAD ..\obj\syscalls.o
LOAD ..\obj\stm32f1xx_hal_msp.o
LOAD ..\obj\stm32f1xx_hal_exti.o
LOAD ..\obj\stm32f1xx_hal_tim.o
LOAD ..\obj\stm32f1xx_hal_flash_ex.o
LOAD ..\obj\stm32f1xx_hal_tim_ex.o
START GROUP
LOAD C:/Users/danst/scoop/apps/gcc-arm-none-eabi/13.3.rel1/bin/../lib/gcc/arm-none-eabi/13.3.1/thumb/v7-m/nofp\libgcc.a
LOAD C:/Users/danst/scoop/apps/gcc-arm-none-eabi/13.3.rel1/bin/../lib/gcc/arm-none-eabi/13.3.1/thumb/v7-m/nofp\libg.a
LOAD C:/Users/danst/scoop/apps/gcc-arm-none-eabi/13.3.rel1/bin/../lib/gcc/arm-none-eabi/13.3.1/thumb/v7-m/nofp\libc.a
END GROUP
LOAD C:/Users/danst/scoop/apps/gcc-arm-none-eabi/13.3.rel1/bin/../lib/gcc/arm-none-eabi/13.3.1/thumb/v7-m/nofp/crtend.o
LOAD C:/Users/danst/scoop/apps/gcc-arm-none-eabi/13.3.rel1/bin/../lib/gcc/arm-none-eabi/13.3.1/thumb/v7-m/nofp/crtn.o
OUTPUT(please_work.elf elf32-littlearm)
LOAD linker stubs
LOAD C:/Users/danst/scoop/apps/gcc-arm-none-eabi/13.3.rel1/bin/../lib/gcc/arm-none-eabi/13.3.1/thumb/v7-m/nofp\libc.a
LOAD C:/Users/danst/scoop/apps/gcc-arm-none-eabi/13.3.rel1/bin/../lib/gcc/arm-none-eabi/13.3.1/thumb/v7-m/nofp\libm.a
LOAD C:/Users/danst/scoop/apps/gcc-arm-none-eabi/13.3.rel1/bin/../lib/gcc/arm-none-eabi/13.3.1/thumb/v7-m/nofp\libgcc.a

.debug_info     0x00000000     0xeb38
 .debug_info    0x00000000      0x182 ..\obj\sysmem.o
 .debug_info    0x00000182      0x7d8 ..\obj\stm32f1xx_hal.o
 .debug_info    0x0000095a      0x15f ..\obj\stm32f1xx_it.o
 .debug_info    0x00000ab9      0xcfe ..\obj\stm32f1xx_hal_cortex.o
 .debug_info    0x000017b7      0x226 ..\obj\system_stm32f1xx.o
 .debug_info    0x000019dd      0xa65 ..\obj\stm32f1xx_hal_rcc.o
 .debug_info    0x00002442      0x956 ..\obj\serialImageTransmittion.o
 .debug_info    0x00002d98     0x4704 ..\obj\stm32f1xx_hal_uart.o
 .debug_info    0x0000749c      0x982 ..\obj\main.o
 .debug_info    0x00007e1e      0x608 ..\obj\stm32f1xx_hal_gpio.o
 .debug_info    0x00008426       0x30 ..\obj\startup_stm32f103rbtx.o
 .debug_info    0x00008456     0x5eb9 ..\obj\basicFunctions.o
 .debug_info    0x0000e30f      0x829 ..\obj\stm32f1xx_hal_msp.o

.debug_abbrev   0x00000000     0x1c5f
 .debug_abbrev  0x00000000       0xda ..\obj\sysmem.o
 .debug_abbrev  0x000000da      0x270 ..\obj\stm32f1xx_hal.o
 .debug_abbrev  0x0000034a       0xf6 ..\obj\stm32f1xx_it.o
 .debug_abbrev  0x00000440      0x361 ..\obj\stm32f1xx_hal_cortex.o
 .debug_abbrev  0x000007a1      0x143 ..\obj\system_stm32f1xx.o
 .debug_abbrev  0x000008e4      0x342 ..\obj\stm32f1xx_hal_rcc.o
 .debug_abbrev  0x00000c26      0x243 ..\obj\serialImageTransmittion.o
 .debug_abbrev  0x00000e69      0x422 ..\obj\stm32f1xx_hal_uart.o
 .debug_abbrev  0x0000128b      0x2b9 ..\obj\main.o
 .debug_abbrev  0x00001544      0x208 ..\obj\stm32f1xx_hal_gpio.o
 .debug_abbrev  0x0000174c       0x24 ..\obj\startup_stm32f103rbtx.o
 .debug_abbrev  0x00001770      0x30a ..\obj\basicFunctions.o
 .debug_abbrev  0x00001a7a      0x1e5 ..\obj\stm32f1xx_hal_msp.o

.debug_loclists
                0x00000000     0x4a54
 .debug_loclists
                0x00000000       0x61 ..\obj\sysmem.o
 .debug_loclists
                0x00000061       0xe9 ..\obj\stm32f1xx_hal.o
 .debug_loclists
                0x0000014a      0x57d ..\obj\stm32f1xx_hal_cortex.o
 .debug_loclists
                0x000006c7       0x9f ..\obj\system_stm32f1xx.o
 .debug_loclists
                0x00000766      0x47e ..\obj\stm32f1xx_hal_rcc.o
 .debug_loclists
                0x00000be4     0x3216 ..\obj\stm32f1xx_hal_uart.o
 .debug_loclists
                0x00003dfa      0x53b ..\obj\stm32f1xx_hal_gpio.o
 .debug_loclists
                0x00004335      0x6ce ..\obj\basicFunctions.o
 .debug_loclists
                0x00004a03       0x51 ..\obj\stm32f1xx_hal_msp.o

.debug_aranges  0x00000000      0x610
 .debug_aranges
                0x00000000       0x20 ..\obj\sysmem.o
 .debug_aranges
                0x00000020       0xe0 ..\obj\stm32f1xx_hal.o
 .debug_aranges
                0x00000100       0x68 ..\obj\stm32f1xx_it.o
 .debug_aranges
                0x00000168       0x90 ..\obj\stm32f1xx_hal_cortex.o
 .debug_aranges
                0x000001f8       0x28 ..\obj\system_stm32f1xx.o
 .debug_aranges
                0x00000220       0x88 ..\obj\stm32f1xx_hal_rcc.o
 .debug_aranges
                0x000002a8       0x38 ..\obj\serialImageTransmittion.o
 .debug_aranges
                0x000002e0      0x1d8 ..\obj\stm32f1xx_hal_uart.o
 .debug_aranges
                0x000004b8       0x30 ..\obj\main.o
 .debug_aranges
                0x000004e8       0x58 ..\obj\stm32f1xx_hal_gpio.o
 .debug_aranges
                0x00000540       0x28 ..\obj\startup_stm32f103rbtx.o
 .debug_aranges
                0x00000568       0x78 ..\obj\basicFunctions.o
 .debug_aranges
                0x000005e0       0x30 ..\obj\stm32f1xx_hal_msp.o

.debug_rnglists
                0x00000000      0x816
 .debug_rnglists
                0x00000000       0x13 ..\obj\sysmem.o
 .debug_rnglists
                0x00000013       0xa3 ..\obj\stm32f1xx_hal.o
 .debug_rnglists
                0x000000b6       0x49 ..\obj\stm32f1xx_it.o
 .debug_rnglists
                0x000000ff       0xdf ..\obj\stm32f1xx_hal_cortex.o
 .debug_rnglists
                0x000001de       0x19 ..\obj\system_stm32f1xx.o
 .debug_rnglists
                0x000001f7       0xcc ..\obj\stm32f1xx_hal_rcc.o
 .debug_rnglists
                0x000002c3       0x3d ..\obj\serialImageTransmittion.o
 .debug_rnglists
                0x00000300      0x2d0 ..\obj\stm32f1xx_hal_uart.o
 .debug_rnglists
                0x000005d0       0x5a ..\obj\main.o
 .debug_rnglists
                0x0000062a       0x66 ..\obj\stm32f1xx_hal_gpio.o
 .debug_rnglists
                0x00000690       0x19 ..\obj\startup_stm32f103rbtx.o
 .debug_rnglists
                0x000006a9      0x115 ..\obj\basicFunctions.o
 .debug_rnglists
                0x000007be       0x58 ..\obj\stm32f1xx_hal_msp.o

.debug_line     0x00000000     0x8738
 .debug_line    0x00000000      0x21a ..\obj\sysmem.o
 .debug_line    0x0000021a      0x5ff ..\obj\stm32f1xx_hal.o
 .debug_line    0x00000819      0x275 ..\obj\stm32f1xx_it.o
 .debug_line    0x00000a8e      0x74e ..\obj\stm32f1xx_hal_cortex.o
 .debug_line    0x000011dc      0x254 ..\obj\system_stm32f1xx.o
 .debug_line    0x00001430      0xec5 ..\obj\stm32f1xx_hal_rcc.o
 .debug_line    0x000022f5      0x48e ..\obj\serialImageTransmittion.o
 .debug_line    0x00002783     0x4086 ..\obj\stm32f1xx_hal_uart.o
 .debug_line    0x00006809      0x55a ..\obj\main.o
 .debug_line    0x00006d63      0x8a2 ..\obj\stm32f1xx_hal_gpio.o
 .debug_line    0x00007605       0x78 ..\obj\startup_stm32f103rbtx.o
 .debug_line    0x0000767d      0xdae ..\obj\basicFunctions.o
 .debug_line    0x0000842b      0x30d ..\obj\stm32f1xx_hal_msp.o

.debug_str      0x00000000     0x20a2
 .debug_str     0x00000000     0x20a2 ..\obj\sysmem.o
                                0x1fb (size before relaxing)
 .debug_str     0x000020a2      0x811 ..\obj\stm32f1xx_hal.o
 .debug_str     0x000020a2      0x247 ..\obj\stm32f1xx_it.o
 .debug_str     0x000020a2      0x8b6 ..\obj\stm32f1xx_hal_cortex.o
 .debug_str     0x000020a2      0x22b ..\obj\system_stm32f1xx.o
 .debug_str     0x000020a2      0x60e ..\obj\stm32f1xx_hal_rcc.o
 .debug_str     0x000020a2      0x74c ..\obj\serialImageTransmittion.o
 .debug_str     0x000020a2      0xcd7 ..\obj\stm32f1xx_hal_uart.o
 .debug_str     0x000020a2      0x7a4 ..\obj\main.o
 .debug_str     0x000020a2      0x3e3 ..\obj\stm32f1xx_hal_gpio.o
 .debug_str     0x000020a2       0x97 ..\obj\startup_stm32f103rbtx.o
 .debug_str     0x000020a2      0x3d1 ..\obj\basicFunctions.o
 .debug_str     0x000020a2      0x687 ..\obj\stm32f1xx_hal_msp.o

.comment        0x00000000       0x45
 .comment       0x00000000       0x45 ..\obj\sysmem.o
                                 0x46 (size before relaxing)
 .comment       0x00000045       0x46 ..\obj\stm32f1xx_hal.o
 .comment       0x00000045       0x46 ..\obj\stm32f1xx_it.o
 .comment       0x00000045       0x46 ..\obj\stm32f1xx_hal_cortex.o
 .comment       0x00000045       0x46 ..\obj\system_stm32f1xx.o
 .comment       0x00000045       0x46 ..\obj\stm32f1xx_hal_rcc.o
 .comment       0x00000045       0x46 ..\obj\serialImageTransmittion.o
 .comment       0x00000045       0x46 ..\obj\stm32f1xx_hal_uart.o
 .comment       0x00000045       0x46 ..\obj\main.o
 .comment       0x00000045       0x46 ..\obj\stm32f1xx_hal_gpio.o
 .comment       0x00000045       0x46 ..\obj\basicFunctions.o
 .comment       0x00000045       0x46 ..\obj\stm32f1xx_hal_msp.o

.debug_frame    0x00000000      0xf2c
 .debug_frame   0x00000000       0x28 ..\obj\sysmem.o
 .debug_frame   0x00000028      0x1d4 ..\obj\stm32f1xx_hal.o
 .debug_frame   0x000001fc       0xb0 ..\obj\stm32f1xx_it.o
 .debug_frame   0x000002ac      0x128 ..\obj\stm32f1xx_hal_cortex.o
 .debug_frame   0x000003d4       0x30 ..\obj\system_stm32f1xx.o
 .debug_frame   0x00000404      0x17c ..\obj\stm32f1xx_hal_rcc.o
 .debug_frame   0x00000580       0x74 ..\obj\serialImageTransmittion.o
 .debug_frame   0x000005f4      0x5c0 ..\obj\stm32f1xx_hal_uart.o
 .debug_frame   0x00000bb4       0x5c ..\obj\main.o
 .debug_frame   0x00000c10       0xec ..\obj\stm32f1xx_hal_gpio.o
 .debug_frame   0x00000cfc      0x1a0 ..\obj\basicFunctions.o
 .debug_frame   0x00000e9c       0x60 ..\obj\stm32f1xx_hal_msp.o
 .debug_frame   0x00000efc       0x30 C:/Users/danst/scoop/apps/gcc-arm-none-eabi/13.3.rel1/bin/../lib/gcc/arm-none-eabi/13.3.1/thumb/v7-m/nofp\libg.a(libc_a-malloc.o)

.debug_line_str
                0x00000000       0x7b
 .debug_line_str
                0x00000000       0x7b ..\obj\startup_stm32f103rbtx.o
